Component: ARM Compiler 6.15 Tool: armlink [5dd79300]

==============================================================================

Section Cross References

    startup_stm32f407xx.o(RESET) refers to startup_stm32f407xx.o(STACK) for __initial_sp
    startup_stm32f407xx.o(RESET) refers to startup_stm32f407xx.o(.text) for Reset_Handler
    startup_stm32f407xx.o(RESET) refers to stm32f4xx_it.o(.text.NMI_Handler) for NMI_Handler
    startup_stm32f407xx.o(RESET) refers to stm32f4xx_it.o(.text.HardFault_Handler) for HardFault_Handler
    startup_stm32f407xx.o(RESET) refers to stm32f4xx_it.o(.text.MemManage_Handler) for MemManage_Handler
    startup_stm32f407xx.o(RESET) refers to stm32f4xx_it.o(.text.BusFault_Handler) for BusFault_Handler
    startup_stm32f407xx.o(RESET) refers to stm32f4xx_it.o(.text.UsageFault_Handler) for UsageFault_Handler
    startup_stm32f407xx.o(RESET) refers to stm32f4xx_it.o(.text.SVC_Handler) for SVC_Handler
    startup_stm32f407xx.o(RESET) refers to stm32f4xx_it.o(.text.DebugMon_Handler) for DebugMon_Handler
    startup_stm32f407xx.o(RESET) refers to stm32f4xx_it.o(.text.PendSV_Handler) for PendSV_Handler
    startup_stm32f407xx.o(RESET) refers to stm32f4xx_it.o(.text.SysTick_Handler) for SysTick_Handler
    startup_stm32f407xx.o(RESET) refers to stm32f4xx_it.o(.text.EXTI9_5_IRQHandler) for EXTI9_5_IRQHandler
    startup_stm32f407xx.o(RESET) refers to stm32f4xx_it.o(.text.TIM1_TRG_COM_TIM11_IRQHandler) for TIM1_TRG_COM_TIM11_IRQHandler
    startup_stm32f407xx.o(RESET) refers to stm32f4xx_it.o(.text.TIM1_CC_IRQHandler) for TIM1_CC_IRQHandler
    startup_stm32f407xx.o(RESET) refers to main.o(.text.USART1_IRQHandler) for USART1_IRQHandler
    startup_stm32f407xx.o(.text) refers to system_stm32f4xx.o(.text.SystemInit) for SystemInit
    startup_stm32f407xx.o(.text) refers to entry.o(.ARM.Collect$$$$00000000) for __main
    main.o(.text.set_block_control) refers to main.o(.bss.block_state) for block_state
    main.o(.text.set_block_control) refers to main.o(.bss.flag) for flag
    main.o(.text.set_block_control) refers to stm32f4xx_hal.o(.text.HAL_Delay) for HAL_Delay
    main.o(.ARM.exidx.text.set_block_control) refers to main.o(.text.set_block_control) for [Anonymous Symbol]
    main.o(.text.find_cmd) refers to main.o(.bss.ucRxCnt) for ucRxCnt
    main.o(.text.find_cmd) refers to main.o(.bss.ucRxBuffer) for ucRxBuffer
    main.o(.text.find_cmd) refers to main.o(.bss.cmd) for cmd
    main.o(.ARM.exidx.text.find_cmd) refers to main.o(.text.find_cmd) for [Anonymous Symbol]
    main.o(.text.USART1_IRQHandler) refers to main.o(.text.find_cmd) for find_cmd
    main.o(.text.USART1_IRQHandler) refers to usart.o(.bss.huart1) for huart1
    main.o(.text.USART1_IRQHandler) refers to stm32f4xx_hal_uart.o(.text.HAL_UART_IRQHandler) for HAL_UART_IRQHandler
    main.o(.text.USART1_IRQHandler) refers to main.o(.bss.cmd) for cmd
    main.o(.text.USART1_IRQHandler) refers to stm32f4xx_hal_uart.o(.text.HAL_UART_Receive_IT) for HAL_UART_Receive_IT
    main.o(.ARM.exidx.text.USART1_IRQHandler) refers to main.o(.text.USART1_IRQHandler) for [Anonymous Symbol]
    main.o(.text.main) refers to stm32f4xx_hal.o(.text.HAL_Init) for HAL_Init
    main.o(.text.main) refers to main.o(.text.SystemClock_Config) for SystemClock_Config
    main.o(.text.main) refers to gpio.o(.text.MX_GPIO_Init) for MX_GPIO_Init
    main.o(.text.main) refers to tim.o(.text.MX_TIM1_Init) for MX_TIM1_Init
    main.o(.text.main) refers to usart.o(.text.MX_USART1_UART_Init) for MX_USART1_UART_Init
    main.o(.text.main) refers to tim.o(.bss.htim1) for htim1
    main.o(.text.main) refers to stm32f4xx_hal_tim.o(.text.HAL_TIM_PWM_Start) for HAL_TIM_PWM_Start
    main.o(.text.main) refers to stm32f4xx_hal_tim.o(.text.HAL_TIM_Base_Start) for HAL_TIM_Base_Start
    main.o(.text.main) refers to stm32f4xx_hal.o(.text.HAL_Delay) for HAL_Delay
    main.o(.text.main) refers to main.o(.text.set_block_control) for set_block_control
    main.o(.ARM.exidx.text.main) refers to main.o(.text.main) for [Anonymous Symbol]
    main.o(.text.SystemClock_Config) refers to memseta.o(.text) for __aeabi_memclr4
    main.o(.text.SystemClock_Config) refers to stm32f4xx_hal_rcc.o(.text.HAL_RCC_OscConfig) for HAL_RCC_OscConfig
    main.o(.text.SystemClock_Config) refers to stm32f4xx_hal_rcc.o(.text.HAL_RCC_ClockConfig) for HAL_RCC_ClockConfig
    main.o(.text.SystemClock_Config) refers to main.o(.text.Error_Handler) for Error_Handler
    main.o(.ARM.exidx.text.SystemClock_Config) refers to main.o(.text.SystemClock_Config) for [Anonymous Symbol]
    main.o(.ARM.exidx.text.Error_Handler) refers to main.o(.text.Error_Handler) for [Anonymous Symbol]
    main.o(.text.HAL_GPIO_EXTI_Callback) refers to stm32f4xx_hal_gpio.o(.text.HAL_GPIO_ReadPin) for HAL_GPIO_ReadPin
    main.o(.text.HAL_GPIO_EXTI_Callback) refers to main.o(.bss.block_state) for block_state
    main.o(.ARM.exidx.text.HAL_GPIO_EXTI_Callback) refers to main.o(.text.HAL_GPIO_EXTI_Callback) for [Anonymous Symbol]
[...]
    Removing stm32f4xx_hal_rcc.o(.ARM.exidx.text.HAL_RCC_GetPCLK1Freq), (8 bytes).
    Removing stm32f4xx_hal_rcc.o(.ARM.exidx.text.HAL_RCC_GetPCLK2Freq), (8 bytes).
    Removing stm32f4xx_hal_rcc.o(.text.HAL_RCC_GetOscConfig), (152 bytes).
    Removing stm32f4xx_hal_rcc.o(.ARM.exidx.text.HAL_RCC_GetOscConfig), (8 bytes).
    Removing stm32f4xx_hal_rcc.o(.text.HAL_RCC_GetClockConfig), (62 bytes).
    Removing stm32f4xx_hal_rcc.o(.ARM.exidx.text.HAL_RCC_GetClockConfig), (8 bytes).
    Removing stm32f4xx_hal_rcc.o(.text.HAL_RCC_NMI_IRQHandler), (28 bytes).
    Removing stm32f4xx_hal_rcc.o(.ARM.exidx.text.HAL_RCC_NMI_IRQHandler), (8 bytes).
    Removing stm32f4xx_hal_rcc.o(.text.HAL_RCC_CSSCallback), (2 bytes).
    Removing stm32f4xx_hal_rcc.o(.ARM.exidx.text.HAL_RCC_CSSCallback), (8 bytes).
    Removing stm32f4xx_hal_rcc_ex.o(.text), (0 bytes).
    Removing stm32f4xx_hal_rcc_ex.o(.text.HAL_RCCEx_PeriphCLKConfig), (326 bytes).
    Removing stm32f4xx_hal_rcc_ex.o(.ARM.exidx.text.HAL_RCCEx_PeriphCLKConfig), (8 bytes).
    Removing stm32f4xx_hal_rcc_ex.o(.text.HAL_RCCEx_GetPeriphCLKConfig), (50 bytes).
    Removing stm32f4xx_hal_rcc_ex.o(.ARM.exidx.text.HAL_RCCEx_GetPeriphCLKConfig), (8 bytes).
    Removing stm32f4xx_hal_rcc_ex.o(.text.HAL_RCCEx_GetPeriphCLKFreq), (78 bytes).
    Removing stm32f4xx_hal_rcc_ex.o(.ARM.exidx.text.HAL_RCCEx_GetPeriphCLKFreq), (8 bytes).
    Removing stm32f4xx_hal_rcc_ex.o(.text.HAL_RCCEx_EnablePLLI2S), (104 bytes).
    Removing stm32f4xx_hal_rcc_ex.o(.ARM.exidx.text.HAL_RCCEx_EnablePLLI2S), (8 bytes).
    Removing stm32f4xx_hal_rcc_ex.o(.text.HAL_RCCEx_DisablePLLI2S), (52 bytes).
    Removing stm32f4xx_hal_rcc_ex.o(.ARM.exidx.text.HAL_RCCEx_DisablePLLI2S), (8 bytes).
    Removing stm32f4xx_hal_rcc_ex.o(.text.HAL_RCC_DeInit), (290 bytes).
    Removing stm32f4xx_hal_rcc_ex.o(.ARM.exidx.text.HAL_RCC_DeInit), (8 bytes).
    Removing stm32f4xx_hal_flash.o(.text), (0 bytes).
    Removing stm32f4xx_hal_flash.o(.text.HAL_FLASH_Program), (134 bytes).
    Removing stm32f4xx_hal_flash.o(.ARM.exidx.text.HAL_FLASH_Program), (8 bytes).
    Removing stm32f4xx_hal_flash.o(.text.FLASH_WaitForLastOperation), (106 bytes).
    Removing stm32f4xx_hal_flash.o(.ARM.exidx.text.FLASH_WaitForLastOperation), (8 bytes).
    Removing stm32f4xx_hal_flash.o(.text.FLASH_Program_Byte), (32 bytes).
    Removing stm32f4xx_hal_flash.o(.ARM.exidx.text.FLASH_Program_Byte), (8 bytes).
    Removing stm32f4xx_hal_flash.o(.text.FLASH_Program_HalfWord), (36 bytes).
    Removing stm32f4xx_hal_flash.o(.ARM.exidx.text.FLASH_Program_HalfWord), (8 bytes).
    Removing stm32f4xx_hal_flash.o(.text.FLASH_Program_Word), (36 bytes).
    Removing stm32f4xx_hal_flash.o(.ARM.exidx.text.FLASH_Program_Word), (8 bytes).
    Removing stm32f4xx_hal_flash.o(.text.FLASH_Program_DoubleWord), (56 bytes).
    Removing stm32f4xx_hal_flash.o(.ARM.exidx.text.FLASH_Program_DoubleWord), (8 bytes).
    Removing stm32f4xx_hal_flash.o(.text.HAL_FLASH_Program_IT), (136 bytes).
    Removing stm32f4xx_hal_flash.o(.ARM.exidx.text.HAL_FLASH_Program_IT), (8 bytes).
    Removing stm32f4xx_hal_flash.o(.text.HAL_FLASH_IRQHandler), (210 bytes).
    Removing stm32f4xx_hal_flash.o(.ARM.exidx.text.HAL_FLASH_IRQHandler), (8 bytes).
    Removing stm32f4xx_hal_flash.o(.text.FLASH_SetErrorCode), (110 bytes).
    Removing stm32f4xx_hal_flash.o(.ARM.exidx.text.FLASH_SetErrorCode), (8 bytes).
    Removing stm32f4xx_hal_flash.o(.text.HAL_FLASH_OperationErrorCallback), (2 bytes).
    Removing stm32f4xx_hal_flash.o(.ARM.exidx.text.HAL_FLASH_OperationErrorCallback), (8 bytes).
    Removing stm32f4xx_hal_flash.o(.text.HAL_FLASH_EndOfOperationCallback), (2 bytes).
    Removing stm32f4xx_hal_flash.o(.ARM.exidx.text.HAL_FLASH_EndOfOperationCallback), (8 bytes).
    Removing stm32f4xx_hal_flash.o(.text.HAL_FLASH_Unlock), (46 bytes).
    Removing stm32f4xx_hal_flash.o(.ARM.exidx.text.HAL_FLASH_Unlock), (8 bytes).
    Removing stm32f4xx_hal_flash.o(.text.HAL_FLASH_Lock), (20 bytes).
    Removing stm32f4xx_hal_flash.o(.ARM.exidx.text.HAL_FLASH_Lock), (8 bytes).
    Removing stm32f4xx_hal_flash.o(.text.HAL_FLASH_OB_Unlock), (42 bytes).
    Removing stm32f4xx_hal_flash.o(.ARM.exidx.text.HAL_FLASH_OB_Unlock), (8 bytes).
    Removing stm32f4xx_hal_flash.o(.text.HAL_FLASH_OB_Lock), (20 bytes).
    Removing stm32f4xx_hal_flash.o(.ARM.exidx.text.HAL_FLASH_OB_Lock), (8 bytes).
    Removing stm32f4xx_hal_flash.o(.text.HAL_FLASH_OB_Launch), (28 bytes).
    Removing stm32f4xx_hal_flash.o(.ARM.exidx.text.HAL_FLASH_OB_Launch), (8 bytes).
    Removing stm32f4xx_hal_flash.o(.text.HAL_FLASH_GetError), (12 bytes).
    Removing stm32f4xx_hal_flash.o(.ARM.exidx.text.HAL_FLASH_GetError), (8 bytes).
    Removing stm32f4xx_hal_flash.o(.bss.pFlash), (32 bytes).
    Removing stm32f4xx_hal_flash_ex.o(.text), (0 bytes).
    Removing stm32f4xx_hal_flash_ex.o(.text.HAL_FLASHEx_Erase), (182 bytes).
    Removing stm32f4xx_hal_flash_ex.o(.ARM.exidx.text.HAL_FLASHEx_Erase), (8 bytes).
    Removing stm32f4xx_hal_flash_ex.o(.text.FLASH_MassErase), (38 bytes).
    Removing stm32f4xx_hal_flash_ex.o(.ARM.exidx.text.FLASH_MassErase), (8 bytes).
    Removing stm32f4xx_hal_flash_ex.o(.text.FLASH_Erase_Sector), (70 bytes).
    Removing stm32f4xx_hal_flash_ex.o(.ARM.exidx.text.FLASH_Erase_Sector), (8 bytes).
    Removing stm32f4xx_hal_flash_ex.o(.text.FLASH_FlushCaches), (88 bytes).
    Removing stm32f4xx_hal_flash_ex.o(.ARM.exidx.text.FLASH_FlushCaches), (8 bytes).
    Removing stm32f4xx_hal_flash_ex.o(.text.HAL_FLASHEx_Erase_IT), (108 bytes).
    Removing stm32f4xx_hal_flash_ex.o(.ARM.exidx.text.HAL_FLASHEx_Erase_IT), (8 bytes).
    Removing stm32f4xx_hal_flash_ex.o(.text.HAL_FLASHEx_OBProgram), (106 bytes).
    Removing stm32f4xx_hal_flash_ex.o(.ARM.exidx.text.HAL_FLASHEx_OBProgram), (8 bytes).
    Removing stm32f4xx_hal_flash_ex.o(.text.FLASH_OB_EnableWRP), (34 bytes).
    Removing stm32f4xx_hal_flash_ex.o(.ARM.exidx.text.FLASH_OB_EnableWRP), (8 bytes).
    Removing stm32f4xx_hal_flash_ex.o(.text.FLASH_OB_DisableWRP), (34 bytes).
    Removing stm32f4xx_hal_flash_ex.o(.ARM.exidx.text.FLASH_OB_DisableWRP), (8 bytes).
    Removing stm32f4xx_hal_flash_ex.o(.text.FLASH_OB_RDP_LevelConfig), (30 bytes).
    Removing stm32f4xx_hal_flash_ex.o(.ARM.exidx.text.FLASH_OB_RDP_LevelConfig), (8 bytes).
    Removing stm32f4xx_hal_flash_ex.o(.text.FLASH_OB_UserConfig), (48 bytes).
    Removing stm32f4xx_hal_flash_ex.o(.ARM.exidx.text.FLASH_OB_UserConfig), (8 bytes).
    Removing stm32f4xx_hal_flash_ex.o(.text.FLASH_OB_BOR_LevelConfig), (24 bytes).
    Removing stm32f4xx_hal_flash_ex.o(.ARM.exidx.text.FLASH_OB_BOR_LevelConfig), (8 bytes).
    Removing stm32f4xx_hal_flash_ex.o(.text.HAL_FLASHEx_OBGetConfig), (34 bytes).
    Removing stm32f4xx_hal_flash_ex.o(.ARM.exidx.text.HAL_FLASHEx_OBGetConfig), (8 bytes).
    Removing stm32f4xx_hal_flash_ex.o(.text.FLASH_OB_GetWRP), (12 bytes).
    Removing stm32f4xx_hal_flash_ex.o(.ARM.exidx.text.FLASH_OB_GetWRP), (8 bytes).
    Removing stm32f4xx_hal_flash_ex.o(.text.FLASH_OB_GetRDP), (28 bytes).
    Removing stm32f4xx_hal_flash_ex.o(.ARM.exidx.text.FLASH_OB_GetRDP), (8 bytes).
    Removing stm32f4xx_hal_flash_ex.o(.text.FLASH_OB_GetUser), (16 bytes).
    Removing stm32f4xx_hal_flash_ex.o(.ARM.exidx.text.FLASH_OB_GetUser), (8 bytes).
    Removing stm32f4xx_hal_flash_ex.o(.text.FLASH_OB_GetBOR), (16 bytes).
    Removing stm32f4xx_hal_flash_ex.o(.ARM.exidx.text.FLASH_OB_GetBOR), (8 bytes).
    Removing stm32f4xx_hal_flash_ramfunc.o(.text), (0 bytes).
    Removing stm32f4xx_hal_gpio.o(.text), (0 bytes).
    Removing stm32f4xx_hal_gpio.o(.ARM.exidx.text.HAL_GPIO_Init), (8 bytes).
    Removing stm32f4xx_hal_gpio.o(.text.HAL_GPIO_DeInit), (262 bytes).
    Removing stm32f4xx_hal_gpio.o(.ARM.exidx.text.HAL_GPIO_DeInit), (8 bytes).
    Removing stm32f4xx_hal_gpio.o(.ARM.exidx.text.HAL_GPIO_ReadPin), (8 bytes).
    Removing stm32f4xx_hal_gpio.o(.text.HAL_GPIO_WritePin), (10 bytes).
    Removing stm32f4xx_hal_gpio.o(.ARM.exidx.text.HAL_GPIO_WritePin), (8 bytes).
    Removing stm32f4xx_hal_gpio.o(.text.HAL_GPIO_TogglePin), (14 bytes).
    Removing stm32f4xx_hal_gpio.o(.ARM.exidx.text.HAL_GPIO_TogglePin), (8 bytes).
    Removing stm32f4xx_hal_gpio.o(.text.HAL_GPIO_LockPin), (40 bytes).
    Removing stm32f4xx_hal_gpio.o(.ARM.exidx.text.HAL_GPIO_LockPin), (8 bytes).
    Removing stm32f4xx_hal_gpio.o(.ARM.exidx.text.HAL_GPIO_EXTI_IRQHandler), (8 bytes).
    Removing stm32f4xx_hal_gpio.o(.text.HAL_GPIO_EXTI_Callback), (2 bytes).
    Removing stm32f4xx_hal_gpio.o(.ARM.exidx.text.HAL_GPIO_EXTI_Callback), (8 bytes).
    Removing stm32f4xx_hal_dma_ex.o(.text), (0 bytes).
    Removing stm32f4xx_hal_dma_ex.o(.text.HAL_DMAEx_MultiBufferStart), (88 bytes).
    Removing stm32f4xx_hal_dma_ex.o(.ARM.exidx.text.HAL_DMAEx_MultiBufferStart), (8 bytes).
    Removing stm32f4xx_hal_dma_ex.o(.text.DMA_MultiBufferSetConfig), (30 bytes).
    Removing stm32f4xx_hal_dma_ex.o(.ARM.exidx.text.DMA_MultiBufferSetConfig), (8 bytes).
    Removing stm32f4xx_hal_dma_ex.o(.text.HAL_DMAEx_MultiBufferStart_IT), (1448 bytes).
    Removing stm32f4xx_hal_dma_ex.o(.ARM.exidx.text.HAL_DMAEx_MultiBufferStart_IT), (8 bytes).
    Removing stm32f4xx_hal_dma_ex.o(.text.HAL_DMAEx_ChangeMemory), (20 bytes).
    Removing stm32f4xx_hal_dma_ex.o(.ARM.exidx.text.HAL_DMAEx_ChangeMemory), (8 bytes).
    Removing stm32f4xx_hal_dma.o(.text), (0 bytes).
    Removing stm32f4xx_hal_dma.o(.text.HAL_DMA_Init), (200 bytes).
    Removing stm32f4xx_hal_dma.o(.ARM.exidx.text.HAL_DMA_Init), (8 bytes).
    Removing stm32f4xx_hal_dma.o(.text.DMA_CheckFifoParam), (80 bytes).
    Removing stm32f4xx_hal_dma.o(.ARM.exidx.text.DMA_CheckFifoParam), (8 bytes).
    Removing stm32f4xx_hal_dma.o(.text.DMA_CalcBaseAndBitshift), (60 bytes).
    Removing stm32f4xx_hal_dma.o(.ARM.exidx.text.DMA_CalcBaseAndBitshift), (8 bytes).
    Removing stm32f4xx_hal_dma.o(.text.HAL_DMA_DeInit), (84 bytes).
    Removing stm32f4xx_hal_dma.o(.ARM.exidx.text.HAL_DMA_DeInit), (8 bytes).
    Removing stm32f4xx_hal_dma.o(.text.HAL_DMA_Start), (56 bytes).
    Removing stm32f4xx_hal_dma.o(.ARM.exidx.text.HAL_DMA_Start), (8 bytes).
    Removing stm32f4xx_hal_dma.o(.text.DMA_SetConfig), (48 bytes).
    Removing stm32f4xx_hal_dma.o(.ARM.exidx.text.DMA_SetConfig), (8 bytes).
    Removing stm32f4xx_hal_dma.o(.text.HAL_DMA_Start_IT), (88 bytes).
    Removing stm32f4xx_hal_dma.o(.ARM.exidx.text.HAL_DMA_Start_IT), (8 bytes).
    Removing stm32f4xx_hal_dma.o(.text.HAL_DMA_Abort), (124 bytes).
    Removing stm32f4xx_hal_dma.o(.ARM.exidx.text.HAL_DMA_Abort), (8 bytes).
    Removing stm32f4xx_hal_dma.o(.ARM.exidx.text.HAL_DMA_Abort_IT), (8 bytes).
    Removing stm32f4xx_hal_dma.o(.text.HAL_DMA_PollForTransfer), (324 bytes).
    Removing stm32f4xx_hal_dma.o(.ARM.exidx.text.HAL_DMA_PollForTransfer), (8 bytes).
    Removing stm32f4xx_hal_dma.o(.text.HAL_DMA_IRQHandler), (376 bytes).
    Removing stm32f4xx_hal_dma.o(.ARM.exidx.text.HAL_DMA_IRQHandler), (8 bytes).
    Removing stm32f4xx_hal_dma.o(.text.HAL_DMA_RegisterCallback), (72 bytes).
    Removing stm32f4xx_hal_dma.o(.ARM.exidx.text.HAL_DMA_RegisterCallback), (8 bytes).
    Removing stm32f4xx_hal_dma.o(.text.HAL_DMA_UnRegisterCallback), (96 bytes).
    Removing stm32f4xx_hal_dma.o(.ARM.exidx.text.HAL_DMA_UnRegisterCallback), (8 bytes).
    Removing stm32f4xx_hal_dma.o(.text.HAL_DMA_GetState), (4 bytes).
    Removing stm32f4xx_hal_dma.o(.ARM.exidx.text.HAL_DMA_GetState), (8 bytes).
    Removing stm32f4xx_hal_dma.o(.text.HAL_DMA_GetError), (4 bytes).
    Removing stm32f4xx_hal_dma.o(.ARM.exidx.text.HAL_DMA_GetError), (8 bytes).
    Removing stm32f4xx_hal_pwr.o(.text), (0 bytes).
    Removing stm32f4xx_hal_pwr.o(.text.HAL_PWR_DeInit), (26 bytes).
    Removing stm32f4xx_hal_pwr.o(.ARM.exidx.text.HAL_PWR_DeInit), (8 bytes).
    Removing stm32f4xx_hal_pwr.o(.text.HAL_PWR_EnableBkUpAccess), (12 bytes).
    Removing stm32f4xx_hal_pwr.o(.ARM.exidx.text.HAL_PWR_EnableBkUpAccess), (8 bytes).
    Removing stm32f4xx_hal_pwr.o(.text.HAL_PWR_DisableBkUpAccess), (12 bytes).
    Removing stm32f4xx_hal_pwr.o(.ARM.exidx.text.HAL_PWR_DisableBkUpAccess), (8 bytes).
    Removing stm32f4xx_hal_pwr.o(.text.HAL_PWR_ConfigPVD), (128 bytes).
    Removing stm32f4xx_hal_pwr.o(.ARM.exidx.text.HAL_PWR_ConfigPVD), (8 bytes).
    Removing stm32f4xx_hal_pwr.o(.text.HAL_PWR_EnablePVD), (12 bytes).
    Removing stm32f4xx_hal_pwr.o(.ARM.exidx.text.HAL_PWR_EnablePVD), (8 bytes).
    Removing stm32f4xx_hal_pwr.o(.text.HAL_PWR_DisablePVD), (12 bytes).
    Removing stm32f4xx_hal_pwr.o(.ARM.exidx.text.HAL_PWR_DisablePVD), (8 bytes).
    Removing stm32f4xx_hal_pwr.o(.text.HAL_PWR_EnableWakeUpPin), (16 bytes).
    Removing stm32f4xx_hal_pwr.o(.ARM.exidx.text.HAL_PWR_EnableWakeUpPin), (8 bytes).
    Removing stm32f4xx_hal_pwr.o(.text.HAL_PWR_DisableWakeUpPin), (18 bytes).
    Removing stm32f4xx_hal_pwr.o(.ARM.exidx.text.HAL_PWR_DisableWakeUpPin), (8 bytes).
    Removing stm32f4xx_hal_pwr.o(.text.HAL_PWR_EnterSLEEPMode), (30 bytes).
    Removing stm32f4xx_hal_pwr.o(.ARM.exidx.text.HAL_PWR_EnterSLEEPMode), (8 bytes).
    Removing stm32f4xx_hal_pwr.o(.text.HAL_PWR_EnterSTOPMode), (60 bytes).
    Removing stm32f4xx_hal_pwr.o(.ARM.exidx.text.HAL_PWR_EnterSTOPMode), (8 bytes).
    Removing stm32f4xx_hal_pwr.o(.text.HAL_PWR_EnterSTANDBYMode), (36 bytes).
    Removing stm32f4xx_hal_pwr.o(.ARM.exidx.text.HAL_PWR_EnterSTANDBYMode), (8 bytes).
    Removing stm32f4xx_hal_pwr.o(.text.HAL_PWR_PVD_IRQHandler), (30 bytes).
    Removing stm32f4xx_hal_pwr.o(.ARM.exidx.text.HAL_PWR_PVD_IRQHandler), (8 bytes).
    Removing stm32f4xx_hal_pwr.o(.text.HAL_PWR_PVDCallback), (2 bytes).
    Removing stm32f4xx_hal_pwr.o(.ARM.exidx.text.HAL_PWR_PVDCallback), (8 bytes).
    Removing stm32f4xx_hal_pwr.o(.text.HAL_PWR_EnableSleepOnExit), (18 bytes).
    Removing stm32f4xx_hal_pwr.o(.ARM.exidx.text.HAL_PWR_EnableSleepOnExit), (8 bytes).
    Removing stm32f4xx_hal_pwr.o(.text.HAL_PWR_DisableSleepOnExit), (18 bytes).
    Removing stm32f4xx_hal_pwr.o(.ARM.exidx.text.HAL_PWR_DisableSleepOnExit), (8 bytes).
    Removing stm32f4xx_hal_pwr.o(.text.HAL_PWR_EnableSEVOnPend), (18 bytes).
    Removing stm32f4xx_hal_pwr.o(.ARM.exidx.text.HAL_PWR_EnableSEVOnPend), (8 bytes).
    Removing stm32f4xx_hal_pwr.o(.text.HAL_PWR_DisableSEVOnPend), (18 bytes).
    Removing stm32f4xx_hal_pwr.o(.ARM.exidx.text.HAL_PWR_DisableSEVOnPend), (8 bytes).
    Removing stm32f4xx_hal_pwr_ex.o(.text), (0 bytes).
    Removing stm32f4xx_hal_pwr_ex.o(.text.HAL_PWREx_EnableBkUpReg), (54 bytes).
    Removing stm32f4xx_hal_pwr_ex.o(.ARM.exidx.text.HAL_PWREx_EnableBkUpReg), (8 bytes).
    Removing stm32f4xx_hal_pwr_ex.o(.text.HAL_PWREx_DisableBkUpReg), (54 bytes).
    Removing stm32f4xx_hal_pwr_ex.o(.ARM.exidx.text.HAL_PWREx_DisableBkUpReg), (8 bytes).
    Removing stm32f4xx_hal_pwr_ex.o(.text.HAL_PWREx_EnableFlashPowerDown), (12 bytes).
    Removing stm32f4xx_hal_pwr_ex.o(.ARM.exidx.text.HAL_PWREx_EnableFlashPowerDown), (8 bytes).
    Removing stm32f4xx_hal_pwr_ex.o(.text.HAL_PWREx_DisableFlashPowerDown), (12 bytes).
    Removing stm32f4xx_hal_pwr_ex.o(.ARM.exidx.text.HAL_PWREx_DisableFlashPowerDown), (8 bytes).
    Removing stm32f4xx_hal_pwr_ex.o(.text.HAL_PWREx_GetVoltageRange), (16 bytes).
    Removing stm32f4xx_hal_pwr_ex.o(.ARM.exidx.text.HAL_PWREx_GetVoltageRange), (8 bytes).
    Removing stm32f4xx_hal_pwr_ex.o(.text.HAL_PWREx_ControlVoltageScaling), (102 bytes).
    Removing stm32f4xx_hal_pwr_ex.o(.ARM.exidx.text.HAL_PWREx_ControlVoltageScaling), (8 bytes).
    Removing stm32f4xx_hal_cortex.o(.text), (0 bytes).
    Removing stm32f4xx_hal_cortex.o(.ARM.exidx.text.HAL_NVIC_SetPriorityGrouping), (8 bytes).
    Removing stm32f4xx_hal_cortex.o(.ARM.exidx.text.__NVIC_SetPriorityGrouping), (8 bytes).
    Removing stm32f4xx_hal_cortex.o(.ARM.exidx.text.HAL_NVIC_SetPriority), (8 bytes).
    Removing stm32f4xx_hal_cortex.o(.ARM.exidx.text.__NVIC_GetPriorityGrouping), (8 bytes).
    Removing stm32f4xx_hal_cortex.o(.ARM.exidx.text.__NVIC_SetPriority), (8 bytes).
    Removing stm32f4xx_hal_cortex.o(.ARM.exidx.text.NVIC_EncodePriority), (8 bytes).
    Removing stm32f4xx_hal_cortex.o(.ARM.exidx.text.HAL_NVIC_EnableIRQ), (8 bytes).
    Removing stm32f4xx_hal_cortex.o(.ARM.exidx.text.__NVIC_EnableIRQ), (8 bytes).
    Removing stm32f4xx_hal_cortex.o(.text.HAL_NVIC_DisableIRQ), (8 bytes).
    Removing stm32f4xx_hal_cortex.o(.ARM.exidx.text.HAL_NVIC_DisableIRQ), (8 bytes).
    Removing stm32f4xx_hal_cortex.o(.text.__NVIC_DisableIRQ), (40 bytes).
    Removing stm32f4xx_hal_cortex.o(.ARM.exidx.text.__NVIC_DisableIRQ), (8 bytes).
    Removing stm32f4xx_hal_cortex.o(.text.HAL_NVIC_SystemReset), (4 bytes).
    Removing stm32f4xx_hal_cortex.o(.ARM.exidx.text.HAL_NVIC_SystemReset), (8 bytes).
    Removing stm32f4xx_hal_cortex.o(.text.__NVIC_SystemReset), (36 bytes).
    Removing stm32f4xx_hal_cortex.o(.ARM.exidx.text.__NVIC_SystemReset), (8 bytes).
    Removing stm32f4xx_hal_cortex.o(.ARM.exidx.text.HAL_SYSTICK_Config), (8 bytes).
    Removing stm32f4xx_hal_cortex.o(.ARM.exidx.text.SysTick_Config), (8 bytes).
    Removing stm32f4xx_hal_cortex.o(.text.HAL_MPU_Disable), (26 bytes).
    Removing stm32f4xx_hal_cortex.o(.ARM.exidx.text.HAL_MPU_Disable), (8 bytes).
    Removing stm32f4xx_hal_cortex.o(.text.HAL_MPU_Enable), (32 bytes).
    Removing stm32f4xx_hal_cortex.o(.ARM.exidx.text.HAL_MPU_Enable), (8 bytes).
    Removing stm32f4xx_hal_cortex.o(.text.HAL_MPU_ConfigRegion), (94 bytes).
    Removing stm32f4xx_hal_cortex.o(.ARM.exidx.text.HAL_MPU_ConfigRegion), (8 bytes).
    Removing stm32f4xx_hal_cortex.o(.text.HAL_NVIC_GetPriorityGrouping), (8 bytes).
    Removing stm32f4xx_hal_cortex.o(.ARM.exidx.text.HAL_NVIC_GetPriorityGrouping), (8 bytes).
    Removing stm32f4xx_hal_cortex.o(.text.HAL_NVIC_GetPriority), (24 bytes).
    Removing stm32f4xx_hal_cortex.o(.ARM.exidx.text.HAL_NVIC_GetPriority), (8 bytes).
    Removing stm32f4xx_hal_cortex.o(.text.NVIC_DecodePriority), (56 bytes).
    Removing stm32f4xx_hal_cortex.o(.ARM.exidx.text.NVIC_DecodePriority), (8 bytes).
    Removing stm32f4xx_hal_cortex.o(.text.__NVIC_GetPriority), (34 bytes).
    Removing stm32f4xx_hal_cortex.o(.ARM.exidx.text.__NVIC_GetPriority), (8 bytes).
    Removing stm32f4xx_hal_cortex.o(.text.HAL_NVIC_SetPendingIRQ), (8 bytes).
    Removing stm32f4xx_hal_cortex.o(.ARM.exidx.text.HAL_NVIC_SetPendingIRQ), (8 bytes).
    Removing stm32f4xx_hal_cortex.o(.text.__NVIC_SetPendingIRQ), (32 bytes).
    Removing stm32f4xx_hal_cortex.o(.ARM.exidx.text.__NVIC_SetPendingIRQ), (8 bytes).
    Removing stm32f4xx_hal_cortex.o(.text.HAL_NVIC_GetPendingIRQ), (8 bytes).
    Removing stm32f4xx_hal_cortex.o(.ARM.exidx.text.HAL_NVIC_GetPendingIRQ), (8 bytes).
    Removing stm32f4xx_hal_cortex.o(.text.__NVIC_GetPendingIRQ), (36 bytes).
    Removing stm32f4xx_hal_cortex.o(.ARM.exidx.text.__NVIC_GetPendingIRQ), (8 bytes).
    Removing stm32f4xx_hal_cortex.o(.text.HAL_NVIC_ClearPendingIRQ), (8 bytes).
    Removing stm32f4xx_hal_cortex.o(.ARM.exidx.text.HAL_NVIC_ClearPendingIRQ), (8 bytes).
    Removing stm32f4xx_hal_cortex.o(.text.__NVIC_ClearPendingIRQ), (32 bytes).
    Removing stm32f4xx_hal_cortex.o(.ARM.exidx.text.__NVIC_ClearPendingIRQ), (8 bytes).
    Removing stm32f4xx_hal_cortex.o(.text.HAL_NVIC_GetActive), (8 bytes).
    Removing stm32f4xx_hal_cortex.o(.ARM.exidx.text.HAL_NVIC_GetActive), (8 bytes).
    Removing stm32f4xx_hal_cortex.o(.text.__NVIC_GetActive), (36 bytes).
    Removing stm32f4xx_hal_cortex.o(.ARM.exidx.text.__NVIC_GetActive), (8 bytes).
    Removing stm32f4xx_hal_cortex.o(.text.HAL_SYSTICK_CLKSourceConfig), (24 bytes).
    Removing stm32f4xx_hal_cortex.o(.ARM.exidx.text.HAL_SYSTICK_CLKSourceConfig), (8 bytes).
    Removing stm32f4xx_hal_cortex.o(.text.HAL_SYSTICK_IRQHandler), (8 bytes).
    Removing stm32f4xx_hal_cortex.o(.ARM.exidx.text.HAL_SYSTICK_IRQHandler), (8 bytes).
    Removing stm32f4xx_hal_cortex.o(.text.HAL_SYSTICK_Callback), (2 bytes).
    Removing stm32f4xx_hal_cortex.o(.ARM.exidx.text.HAL_SYSTICK_Callback), (8 bytes).
    Removing stm32f4xx_hal.o(.text), (0 bytes).
    Removing stm32f4xx_hal.o(.ARM.exidx.text.HAL_Init), (8 bytes).
    Removing stm32f4xx_hal.o(.ARM.exidx.text.HAL_InitTick), (8 bytes).
    Removing stm32f4xx_hal.o(.text.HAL_MspInit), (2 bytes).
    Removing stm32f4xx_hal.o(.ARM.exidx.text.HAL_MspInit), (8 bytes).
    Removing stm32f4xx_hal.o(.text.HAL_DeInit), (44 bytes).
    Removing stm32f4xx_hal.o(.ARM.exidx.text.HAL_DeInit), (8 bytes).
    Removing stm32f4xx_hal.o(.text.HAL_MspDeInit), (2 bytes).
    Removing stm32f4xx_hal.o(.ARM.exidx.text.HAL_MspDeInit), (8 bytes).
    Removing stm32f4xx_hal.o(.ARM.exidx.text.HAL_IncTick), (8 bytes).
    Removing stm32f4xx_hal.o(.ARM.exidx.text.HAL_GetTick), (8 bytes).
    Removing stm32f4xx_hal.o(.text.HAL_GetTickPrio), (12 bytes).
    Removing stm32f4xx_hal.o(.ARM.exidx.text.HAL_GetTickPrio), (8 bytes).
    Removing stm32f4xx_hal.o(.text.HAL_SetTickFreq), (46 bytes).
    Removing stm32f4xx_hal.o(.ARM.exidx.text.HAL_SetTickFreq), (8 bytes).
    Removing stm32f4xx_hal.o(.text.HAL_GetTickFreq), (12 bytes).
    Removing stm32f4xx_hal.o(.ARM.exidx.text.HAL_GetTickFreq), (8 bytes).
    Removing stm32f4xx_hal.o(.ARM.exidx.text.HAL_Delay), (8 bytes).
    Removing stm32f4xx_hal.o(.text.HAL_SuspendTick), (18 bytes).
    Removing stm32f4xx_hal.o(.ARM.exidx.text.HAL_SuspendTick), (8 bytes).
    Removing stm32f4xx_hal.o(.text.HAL_ResumeTick), (18 bytes).
    Removing stm32f4xx_hal.o(.ARM.exidx.text.HAL_ResumeTick), (8 bytes).
    Removing stm32f4xx_hal.o(.text.HAL_GetHalVersion), (10 bytes).
    Removing stm32f4xx_hal.o(.ARM.exidx.text.HAL_GetHalVersion), (8 bytes).
    Removing stm32f4xx_hal.o(.text.HAL_GetREVID), (14 bytes).
    Removing stm32f4xx_hal.o(.ARM.exidx.text.HAL_GetREVID), (8 bytes).
    Removing stm32f4xx_hal.o(.text.HAL_GetDEVID), (16 bytes).
    Removing stm32f4xx_hal.o(.ARM.exidx.text.HAL_GetDEVID), (8 bytes).
    Removing stm32f4xx_hal.o(.text.HAL_DBGMCU_EnableDBGSleepMode), (18 bytes).
    Removing stm32f4xx_hal.o(.ARM.exidx.text.HAL_DBGMCU_EnableDBGSleepMode), (8 bytes).
    Removing stm32f4xx_hal.o(.text.HAL_DBGMCU_DisableDBGSleepMode), (18 bytes).
    Removing stm32f4xx_hal.o(.ARM.exidx.text.HAL_DBGMCU_DisableDBGSleepMode), (8 bytes).
    Removing stm32f4xx_hal.o(.text.HAL_DBGMCU_EnableDBGStopMode), (18 bytes).
    Removing stm32f4xx_hal.o(.ARM.exidx.text.HAL_DBGMCU_EnableDBGStopMode), (8 bytes).
    Removing stm32f4xx_hal.o(.text.HAL_DBGMCU_DisableDBGStopMode), (18 bytes).
    Removing stm32f4xx_hal.o(.ARM.exidx.text.HAL_DBGMCU_DisableDBGStopMode), (8 bytes).
    Removing stm32f4xx_hal.o(.text.HAL_DBGMCU_EnableDBGStandbyMode), (18 bytes).
    Removing stm32f4xx_hal.o(.ARM.exidx.text.HAL_DBGMCU_EnableDBGStandbyMode), (8 bytes).
    Removing stm32f4xx_hal.o(.text.HAL_DBGMCU_DisableDBGStandbyMode), (18 bytes).
    Removing stm32f4xx_hal.o(.ARM.exidx.text.HAL_DBGMCU_DisableDBGStandbyMode), (8 bytes).
    Removing stm32f4xx_hal.o(.text.HAL_EnableCompensationCell), (14 bytes).
    Removing stm32f4xx_hal.o(.ARM.exidx.text.HAL_EnableCompensationCell), (8 bytes).
    Removing stm32f4xx_hal.o(.text.HAL_DisableCompensationCell), (14 bytes).
    Removing stm32f4xx_hal.o(.ARM.exidx.text.HAL_DisableCompensationCell), (8 bytes).
    Removing stm32f4xx_hal.o(.text.HAL_GetUIDw0), (12 bytes).
    Removing stm32f4xx_hal.o(.ARM.exidx.text.HAL_GetUIDw0), (8 bytes).
    Removing stm32f4xx_hal.o(.text.HAL_GetUIDw1), (12 bytes).
    Removing stm32f4xx_hal.o(.ARM.exidx.text.HAL_GetUIDw1), (8 bytes).
    Removing stm32f4xx_hal.o(.text.HAL_GetUIDw2), (12 bytes).
    Removing stm32f4xx_hal.o(.ARM.exidx.text.HAL_GetUIDw2), (8 bytes).
    Removing stm32f4xx_hal_exti.o(.text), (0 bytes).
    Removing stm32f4xx_hal_exti.o(.text.HAL_EXTI_SetConfigLine), (180 bytes).
    Removing stm32f4xx_hal_exti.o(.ARM.exidx.text.HAL_EXTI_SetConfigLine), (8 bytes).
    Removing stm32f4xx_hal_exti.o(.text.HAL_EXTI_GetConfigLine), (156 bytes).
    Removing stm32f4xx_hal_exti.o(.ARM.exidx.text.HAL_EXTI_GetConfigLine), (8 bytes).
    Removing stm32f4xx_hal_exti.o(.text.HAL_EXTI_ClearConfigLine), (136 bytes).
    Removing stm32f4xx_hal_exti.o(.ARM.exidx.text.HAL_EXTI_ClearConfigLine), (8 bytes).
    Removing stm32f4xx_hal_exti.o(.text.HAL_EXTI_RegisterCallback), (12 bytes).
    Removing stm32f4xx_hal_exti.o(.ARM.exidx.text.HAL_EXTI_RegisterCallback), (8 bytes).
    Removing stm32f4xx_hal_exti.o(.text.HAL_EXTI_GetHandle), (12 bytes).
    Removing stm32f4xx_hal_exti.o(.ARM.exidx.text.HAL_EXTI_GetHandle), (8 bytes).
    Removing stm32f4xx_hal_exti.o(.text.HAL_EXTI_IRQHandler), (44 bytes).
    Removing stm32f4xx_hal_exti.o(.ARM.exidx.text.HAL_EXTI_IRQHandler), (8 bytes).
    Removing stm32f4xx_hal_exti.o(.text.HAL_EXTI_GetPending), (28 bytes).
    Removing stm32f4xx_hal_exti.o(.ARM.exidx.text.HAL_EXTI_GetPending), (8 bytes).
    Removing stm32f4xx_hal_exti.o(.text.HAL_EXTI_ClearPending), (24 bytes).
    Removing stm32f4xx_hal_exti.o(.ARM.exidx.text.HAL_EXTI_ClearPending), (8 bytes).
    Removing stm32f4xx_hal_exti.o(.text.HAL_EXTI_GenerateSWI), (24 bytes).
    Removing stm32f4xx_hal_exti.o(.ARM.exidx.text.HAL_EXTI_GenerateSWI), (8 bytes).
    Removing stm32f4xx_hal_uart.o(.text), (0 bytes).
    Removing stm32f4xx_hal_uart.o(.ARM.exidx.text.HAL_UART_Init), (8 bytes).
    Removing stm32f4xx_hal_uart.o(.text.HAL_UART_MspInit), (2 bytes).
    Removing stm32f4xx_hal_uart.o(.ARM.exidx.text.HAL_UART_MspInit), (8 bytes).
    Removing stm32f4xx_hal_uart.o(.ARM.exidx.text.UART_SetConfig), (8 bytes).
    Removing stm32f4xx_hal_uart.o(.text.HAL_HalfDuplex_Init), (92 bytes).
    Removing stm32f4xx_hal_uart.o(.ARM.exidx.text.HAL_HalfDuplex_Init), (8 bytes).
    Removing stm32f4xx_hal_uart.o(.text.HAL_LIN_Init), (108 bytes).
    Removing stm32f4xx_hal_uart.o(.ARM.exidx.text.HAL_LIN_Init), (8 bytes).
    Removing stm32f4xx_hal_uart.o(.text.HAL_MultiProcessor_Init), (116 bytes).
    Removing stm32f4xx_hal_uart.o(.ARM.exidx.text.HAL_MultiProcessor_Init), (8 bytes).
    Removing stm32f4xx_hal_uart.o(.text.HAL_UART_DeInit), (44 bytes).
    Removing stm32f4xx_hal_uart.o(.ARM.exidx.text.HAL_UART_DeInit), (8 bytes).
    Removing stm32f4xx_hal_uart.o(.text.HAL_UART_MspDeInit), (2 bytes).
    Removing stm32f4xx_hal_uart.o(.ARM.exidx.text.HAL_UART_MspDeInit), (8 bytes).
    Removing stm32f4xx_hal_uart.o(.text.HAL_UART_Transmit), (184 bytes).
    Removing stm32f4xx_hal_uart.o(.ARM.exidx.text.HAL_UART_Transmit), (8 bytes).
    Removing stm32f4xx_hal_uart.o(.text.UART_WaitOnFlagUntilTimeout), (94 bytes).
    Removing stm32f4xx_hal_uart.o(.ARM.exidx.text.UART_WaitOnFlagUntilTimeout), (8 bytes).
    Removing stm32f4xx_hal_uart.o(.text.HAL_UART_Receive), (186 bytes).
    Removing stm32f4xx_hal_uart.o(.ARM.exidx.text.HAL_UART_Receive), (8 bytes).
    Removing stm32f4xx_hal_uart.o(.text.HAL_UART_Transmit_IT), (60 bytes).
    Removing stm32f4xx_hal_uart.o(.ARM.exidx.text.HAL_UART_Transmit_IT), (8 bytes).
    Removing stm32f4xx_hal_uart.o(.ARM.exidx.text.HAL_UART_Receive_IT), (8 bytes).
    Removing stm32f4xx_hal_uart.o(.text.HAL_UART_Transmit_DMA), (116 bytes).
    Removing stm32f4xx_hal_uart.o(.ARM.exidx.text.HAL_UART_Transmit_DMA), (8 bytes).
    Removing stm32f4xx_hal_uart.o(.text.UART_DMATransmitCplt), (42 bytes).
    Removing stm32f4xx_hal_uart.o(.ARM.exidx.text.UART_DMATransmitCplt), (8 bytes).
    Removing stm32f4xx_hal_uart.o(.text.UART_DMATxHalfCplt), (10 bytes).
    Removing stm32f4xx_hal_uart.o(.ARM.exidx.text.UART_DMATxHalfCplt), (8 bytes).
    Removing stm32f4xx_hal_uart.o(.text.UART_DMAError), (72 bytes).
    Removing stm32f4xx_hal_uart.o(.ARM.exidx.text.UART_DMAError), (8 bytes).
    Removing stm32f4xx_hal_uart.o(.text.HAL_UART_Receive_DMA), (146 bytes).
    Removing stm32f4xx_hal_uart.o(.ARM.exidx.text.HAL_UART_Receive_DMA), (8 bytes).
    Removing stm32f4xx_hal_uart.o(.text.UART_DMAReceiveCplt), (52 bytes).
    Removing stm32f4xx_hal_uart.o(.ARM.exidx.text.UART_DMAReceiveCplt), (8 bytes).
    Removing stm32f4xx_hal_uart.o(.text.UART_DMARxHalfCplt), (10 bytes).
    Removing stm32f4xx_hal_uart.o(.ARM.exidx.text.UART_DMARxHalfCplt), (8 bytes).
    Removing stm32f4xx_hal_uart.o(.text.HAL_UART_DMAPause), (84 bytes).
    Removing stm32f4xx_hal_uart.o(.ARM.exidx.text.HAL_UART_DMAPause), (8 bytes).
    Removing stm32f4xx_hal_uart.o(.text.HAL_UART_DMAResume), (88 bytes).
    Removing stm32f4xx_hal_uart.o(.ARM.exidx.text.HAL_UART_DMAResume), (8 bytes).
    Removing stm32f4xx_hal_uart.o(.text.HAL_UART_DMAStop), (88 bytes).
    Removing stm32f4xx_hal_uart.o(.ARM.exidx.text.HAL_UART_DMAStop), (8 bytes).
    Removing stm32f4xx_hal_uart.o(.text.UART_EndTxTransfer), (16 bytes).
    Removing stm32f4xx_hal_uart.o(.ARM.exidx.text.UART_EndTxTransfer), (8 bytes).
    Removing stm32f4xx_hal_uart.o(.ARM.exidx.text.UART_EndRxTransfer), (8 bytes).
    Removing stm32f4xx_hal_uart.o(.text.HAL_UART_Abort), (124 bytes).
    Removing stm32f4xx_hal_uart.o(.ARM.exidx.text.HAL_UART_Abort), (8 bytes).
    Removing stm32f4xx_hal_uart.o(.text.HAL_UART_AbortTransmit), (70 bytes).
    Removing stm32f4xx_hal_uart.o(.ARM.exidx.text.HAL_UART_AbortTransmit), (8 bytes).
    Removing stm32f4xx_hal_uart.o(.text.HAL_UART_AbortReceive), (78 bytes).
    Removing stm32f4xx_hal_uart.o(.ARM.exidx.text.HAL_UART_AbortReceive), (8 bytes).
    Removing stm32f4xx_hal_uart.o(.text.HAL_UART_Abort_IT), (162 bytes).
    Removing stm32f4xx_hal_uart.o(.ARM.exidx.text.HAL_UART_Abort_IT), (8 bytes).
    Removing stm32f4xx_hal_uart.o(.text.UART_DMATxAbortCallback), (40 bytes).
    Removing stm32f4xx_hal_uart.o(.ARM.exidx.text.UART_DMATxAbortCallback), (8 bytes).
    Removing stm32f4xx_hal_uart.o(.text.UART_DMARxAbortCallback), (40 bytes).
    Removing stm32f4xx_hal_uart.o(.ARM.exidx.text.UART_DMARxAbortCallback), (8 bytes).
    Removing stm32f4xx_hal_uart.o(.text.HAL_UART_AbortCpltCallback), (2 bytes).
    Removing stm32f4xx_hal_uart.o(.ARM.exidx.text.HAL_UART_AbortCpltCallback), (8 bytes).
    Removing stm32f4xx_hal_uart.o(.text.HAL_UART_AbortTransmit_IT), (96 bytes).
    Removing stm32f4xx_hal_uart.o(.ARM.exidx.text.HAL_UART_AbortTransmit_IT), (8 bytes).
    Removing stm32f4xx_hal_uart.o(.text.UART_DMATxOnlyAbortCallback), (18 bytes).
    Removing stm32f4xx_hal_uart.o(.ARM.exidx.text.UART_DMATxOnlyAbortCallback), (8 bytes).
    Removing stm32f4xx_hal_uart.o(.text.HAL_UART_AbortTransmitCpltCallback), (2 bytes).
    Removing stm32f4xx_hal_uart.o(.ARM.exidx.text.HAL_UART_AbortTransmitCpltCallback), (8 bytes).
    Removing stm32f4xx_hal_uart.o(.text.HAL_UART_AbortReceive_IT), (104 bytes).
    Removing stm32f4xx_hal_uart.o(.ARM.exidx.text.HAL_UART_AbortReceive_IT), (8 bytes).
    Removing stm32f4xx_hal_uart.o(.text.UART_DMARxOnlyAbortCallback), (18 bytes).
    Removing stm32f4xx_hal_uart.o(.ARM.exidx.text.UART_DMARxOnlyAbortCallback), (8 bytes).
    Removing stm32f4xx_hal_uart.o(.text.HAL_UART_AbortReceiveCpltCallback), (2 bytes).
    Removing stm32f4xx_hal_uart.o(.ARM.exidx.text.HAL_UART_AbortReceiveCpltCallback), (8 bytes).
    Removing stm32f4xx_hal_uart.o(.ARM.exidx.text.HAL_UART_IRQHandler), (8 bytes).
    Removing stm32f4xx_hal_uart.o(.ARM.exidx.text.UART_Receive_IT), (8 bytes).
    Removing stm32f4xx_hal_uart.o(.ARM.exidx.text.UART_DMAAbortOnError), (8 bytes).
    Removing stm32f4xx_hal_uart.o(.ARM.exidx.text.HAL_UART_ErrorCallback), (8 bytes).
    Removing stm32f4xx_hal_uart.o(.ARM.exidx.text.UART_Transmit_IT), (8 bytes).
    Removing stm32f4xx_hal_uart.o(.ARM.exidx.text.UART_EndTransmit_IT), (8 bytes).
    Removing stm32f4xx_hal_uart.o(.ARM.exidx.text.HAL_UART_TxCpltCallback), (8 bytes).
    Removing stm32f4xx_hal_uart.o(.text.HAL_UART_TxHalfCpltCallback), (2 bytes).
    Removing stm32f4xx_hal_uart.o(.ARM.exidx.text.HAL_UART_TxHalfCpltCallback), (8 bytes).
    Removing stm32f4xx_hal_uart.o(.ARM.exidx.text.HAL_UART_RxCpltCallback), (8 bytes).
    Removing stm32f4xx_hal_uart.o(.text.HAL_UART_RxHalfCpltCallback), (2 bytes).
    Removing stm32f4xx_hal_uart.o(.ARM.exidx.text.HAL_UART_RxHalfCpltCallback), (8 bytes).
    Removing stm32f4xx_hal_uart.o(.text.HAL_LIN_SendBreak), (36 bytes).
    Removing stm32f4xx_hal_uart.o(.ARM.exidx.text.HAL_LIN_SendBreak), (8 bytes).
    Removing stm32f4xx_hal_uart.o(.text.HAL_MultiProcessor_EnterMuteMode), (36 bytes).
    Removing stm32f4xx_hal_uart.o(.ARM.exidx.text.HAL_MultiProcessor_EnterMuteMode), (8 bytes).
    Removing stm32f4xx_hal_uart.o(.text.HAL_MultiProcessor_ExitMuteMode), (36 bytes).
    Removing stm32f4xx_hal_uart.o(.ARM.exidx.text.HAL_MultiProcessor_ExitMuteMode), (8 bytes).
    Removing stm32f4xx_hal_uart.o(.text.HAL_HalfDuplex_EnableTransmitter), (36 bytes).
    Removing stm32f4xx_hal_uart.o(.ARM.exidx.text.HAL_HalfDuplex_EnableTransmitter), (8 bytes).
    Removing stm32f4xx_hal_uart.o(.text.HAL_HalfDuplex_EnableReceiver), (38 bytes).
    Removing stm32f4xx_hal_uart.o(.ARM.exidx.text.HAL_HalfDuplex_EnableReceiver), (8 bytes).
    Removing stm32f4xx_hal_uart.o(.text.HAL_UART_GetState), (8 bytes).
    Removing stm32f4xx_hal_uart.o(.ARM.exidx.text.HAL_UART_GetState), (8 bytes).
    Removing stm32f4xx_hal_uart.o(.text.HAL_UART_GetError), (4 bytes).
    Removing stm32f4xx_hal_uart.o(.ARM.exidx.text.HAL_UART_GetError), (8 bytes).
    Removing system_stm32f4xx.o(.text), (0 bytes).
    Removing system_stm32f4xx.o(.ARM.exidx.text.SystemInit), (8 bytes).
    Removing system_stm32f4xx.o(.text.SystemCoreClockUpdate), (126 bytes).
    Removing system_stm32f4xx.o(.ARM.exidx.text.SystemCoreClockUpdate), (8 bytes).

760 unused section(s) (total 26234 bytes) removed from the image.

==============================================================================

Image Symbol Table

    Local Symbols

    Symbol Name                              Value     Ov Type        Size  Object(Section)

    ../clib/microlib/division.c              0x00000000   Number         0  uldiv.o ABSOLUTE
    ../clib/microlib/init/entry.s            0x00000000   Number         0  entry.o ABSOLUTE
    ../clib/microlib/init/entry.s            0x00000000   Number         0  entry2.o ABSOLUTE
    ../clib/microlib/init/entry.s            0x00000000   Number         0  entry5.o ABSOLUTE
    ../clib/microlib/init/entry.s            0x00000000   Number         0  entry7a.o ABSOLUTE
    ../clib/microlib/init/entry.s            0x00000000   Number         0  entry7b.o ABSOLUTE
    ../clib/microlib/init/entry.s            0x00000000   Number         0  entry8a.o ABSOLUTE
    ../clib/microlib/init/entry.s            0x00000000   Number         0  entry8b.o ABSOLUTE
    ../clib/microlib/init/entry.s            0x00000000   Number         0  entry9a.o ABSOLUTE
    ../clib/microlib/init/entry.s            0x00000000   Number         0  entry9b.o ABSOLUTE
    ../clib/microlib/init/entry.s            0x00000000   Number         0  entry10a.o ABSOLUTE
    ../clib/microlib/init/entry.s            0x00000000   Number         0  entry10b.o ABSOLUTE
    ../clib/microlib/init/entry.s            0x00000000   Number         0  entry11a.o ABSOLUTE
    ../clib/microlib/init/entry.s            0x00000000   Number         0  entry11b.o ABSOLUTE
    ../clib/microlib/longlong.c              0x00000000   Number         0  llshl.o ABSOLUTE
    ../clib/microlib/longlong.c              0x00000000   Number         0  llushr.o ABSOLUTE
    ../clib/microlib/string/memset.c         0x00000000   Number         0  memseta.o ABSOLUTE
    dc.s                                     0x00000000   Number         0  dc.o ABSOLUTE
    gpio.c                                   0x00000000   Number         0  gpio.o ABSOLUTE
    handlers.s                               0x00000000   Number         0  handlers.o ABSOLUTE
    init.s                                   0x00000000   Number         0  init.o ABSOLUTE
    main.c                                   0x00000000   Number         0  main.o ABSOLUTE
    startup_stm32f407xx.s                    0x00000000   Number         0  startup_stm32f407xx.o ABSOLUTE
    stm32f4xx_hal.c                          0x00000000   Number         0  stm32f4xx_hal.o ABSOLUTE
    stm32f4xx_hal_cortex.c                   0x00000000   Number         0  stm32f4xx_hal_cortex.o ABSOLUTE
    stm32f4xx_hal_dma.c                      0x00000000   Number         0  stm32f4xx_hal_dma.o ABSOLUTE
    stm32f4xx_hal_dma_ex.c                   0x00000000   Number         0  stm32f4xx_hal_dma_ex.o ABSOLUTE
    stm32f4xx_hal_exti.c                     0x00000000   Number         0  stm32f4xx_hal_exti.o ABSOLUTE
    stm32f4xx_hal_flash.c                    0x00000000   Number         0  stm32f4xx_hal_flash.o ABSOLUTE
    stm32f4xx_hal_flash_ex.c                 0x00000000   Number         0  stm32f4xx_hal_flash_ex.o ABSOLUTE
    stm32f4xx_hal_flash_ramfunc.c            0x00000000   Number         0  stm32f4xx_hal_flash_ramfunc.o ABSOLUTE
    stm32f4xx_hal_gpio.c                     0x00000000   Number         0  stm32f4xx_hal_gpio.o ABSOLUTE
    stm32f4xx_hal_msp.c                      0x00000000   Number         0  stm32f4xx_hal_msp.o ABSOLUTE
    stm32f4xx_hal_pwr.c                      0x00000000   Number         0  stm32f4xx_hal_pwr.o ABSOLUTE
    stm32f4xx_hal_pwr_ex.c                   0x00000000   Number         0  stm32f4xx_hal_pwr_ex.o ABSOLUTE
    stm32f4xx_hal_rcc.c                      0x00000000   Number         0  stm32f4xx_hal_rcc.o ABSOLUTE
    stm32f4xx_hal_rcc_ex.c                   0x00000000   Number         0  stm32f4xx_hal_rcc_ex.o ABSOLUTE
    stm32f4xx_hal_tim.c                      0x00000000   Number         0  stm32f4xx_hal_tim.o ABSOLUTE
    stm32f4xx_hal_tim_ex.c                   0x00000000   Number         0  stm32f4xx_hal_tim_ex.o ABSOLUTE
    stm32f4xx_hal_uart.c                     0x00000000   Number         0  stm32f4xx_hal_uart.o ABSOLUTE
    stm32f4xx_it.c                           0x00000000   Number         0  stm32f4xx_it.o ABSOLUTE
    system_stm32f4xx.c                       0x00000000   Number         0  system_stm32f4xx.o ABSOLUTE
    tim.c                                    0x00000000   Number         0  tim.o ABSOLUTE
    usart.c                                  0x00000000   Number         0  usart.o ABSOLUTE
    RESET                                    0x08000000   Section      392  startup_stm32f407xx.o(RESET)
    .ARM.Collect$$$$00000000                 0x08000188   Section        0  entry.o(.ARM.Collect$$$$00000000)
    .ARM.Collect$$$$00000001                 0x08000188   Section        4  entry2.o(.ARM.Collect$$$$00000001)
    .ARM.Collect$$$$00000004                 0x0800018c   Section        4  entry5.o(.ARM.Collect$$$$00000004)
    .ARM.Collect$$$$00000008                 0x08000190   Section        0  entry7b.o(.ARM.Collect$$$$00000008)
    .ARM.Collect$$$$0000000A                 0x08000190   Section        0  entry8b.o(.ARM.Collect$$$$0000000A)
    .ARM.Collect$$$$0000000B                 0x08000190   Section        8  entry9a.o(.ARM.Collect$$$$0000000B)
    __lit__00000000                          0x08000198   Data           4  entry2.o(.ARM.Collect$$$$00002712)
    .ARM.Collect$$$$0000000D                 0x08000198   Section        0  entry10a.o(.ARM.Collect$$$$0000000D)
    .ARM.Collect$$$$0000000F                 0x08000198   Section        0  entry11a.o(.ARM.Collect$$$$0000000F)
    .ARM.Collect$$$$00002712                 0x08000198   Section        4  entry2.o(.ARM.Collect$$$$00002712)
    $v0                                      0x0800019c   Number         0  startup_stm32f407xx.o(.text)
    .text                                    0x0800019c   Section       36  startup_stm32f407xx.o(.text)
    .text                                    0x080001c0   Section        0  uldiv.o(.text)
    .text                                    0x08000222   Section        0  memseta.o(.text)
    .text                                    0x08000246   Section        0  llshl.o(.text)
    .text                                    0x08000264   Section        0  llushr.o(.text)
    .text                                    0x08000284   Section       36  init.o(.text)
    [Anonymous Symbol]                       0x080002a8   Section        0  stm32f4xx_it.o(.text.BusFault_Handler)
    [Anonymous Symbol]                       0x080002ac   Section        0  stm32f4xx_it.o(.text.DebugMon_Handler)
    [Anonymous Symbol]                       0x080002b0   Section        0  stm32f4xx_it.o(.text.EXTI9_5_IRQHandler)
    [Anonymous Symbol]                       0x080002bc   Section        0  main.o(.text.Error_Handler)
    [Anonymous Symbol]                       0x080002c8   Section        0  stm32f4xx_hal_dma.o(.text.HAL_DMA_Abort_IT)
    [Anonymous Symbol]                       0x080002e8   Section        0  stm32f4xx_hal.o(.text.HAL_Delay)
    [Anonymous Symbol]                       0x08000310   Section        0  main.o(.text.HAL_GPIO_EXTI_Callback)
    [Anonymous Symbol]                       0x08000354   Section        0  stm32f4xx_hal_gpio.o(.text.HAL_GPIO_EXTI_IRQHandler)
    [Anonymous Symbol]                       0x08000370   Section        0  stm32f4xx_hal_gpio.o(.text.HAL_GPIO_Init)
    [Anonymous Symbol]                       0x0800050c   Section        0  stm32f4xx_hal_gpio.o(.text.HAL_GPIO_ReadPin)
    [Anonymous Symbol]                       0x08000518   Section        0  stm32f4xx_hal.o(.text.HAL_GetTick)
    [Anonymous Symbol]                       0x08000524   Section        0  stm32f4xx_hal.o(.text.HAL_IncTick)
    [Anonymous Symbol]                       0x08000540   Section        0  stm32f4xx_hal.o(.text.HAL_Init)
    [Anonymous Symbol]                       0x08000578   Section        0  stm32f4xx_hal.o(.text.HAL_InitTick)
    [Anonymous Symbol]                       0x080005c8   Section        0  stm32f4xx_hal_msp.o(.text.HAL_MspInit)
    [Anonymous Symbol]                       0x08000600   Section        0  stm32f4xx_hal_cortex.o(.text.HAL_NVIC_EnableIRQ)
    [Anonymous Symbol]                       0x08000608   Section        0  stm32f4xx_hal_cortex.o(.text.HAL_NVIC_SetPriority)
    [Anonymous Symbol]                       0x08000628   Section        0  stm32f4xx_hal_cortex.o(.text.HAL_NVIC_SetPriorityGrouping)
    [Anonymous Symbol]                       0x08000630   Section        0  stm32f4xx_hal_rcc.o(.text.HAL_RCC_ClockConfig)
    [Anonymous Symbol]                       0x08000790   Section        0  stm32f4xx_hal_rcc.o(.text.HAL_RCC_GetHCLKFreq)
    [Anonymous Symbol]                       0x0800079c   Section        0  stm32f4xx_hal_rcc.o(.text.HAL_RCC_GetPCLK1Freq)
    [Anonymous Symbol]                       0x080007c0   Section        0  stm32f4xx_hal_rcc.o(.text.HAL_RCC_GetPCLK2Freq)
    [Anonymous Symbol]                       0x080007e4   Section        0  stm32f4xx_hal_rcc.o(.text.HAL_RCC_GetSysClockFreq)
    [Anonymous Symbol]                       0x08000850   Section        0  stm32f4xx_hal_rcc.o(.text.HAL_RCC_OscConfig)
    [Anonymous Symbol]                       0x08000b84   Section        0  stm32f4xx_hal_cortex.o(.text.HAL_SYSTICK_Config)
    [Anonymous Symbol]                       0x08000b8c   Section        0  stm32f4xx_hal_tim_ex.o(.text.HAL_TIMEx_BreakCallback)
    [Anonymous Symbol]                       0x08000b90   Section        0  stm32f4xx_hal_tim_ex.o(.text.HAL_TIMEx_CommutCallback)
    [Anonymous Symbol]                       0x08000b94   Section        0  stm32f4xx_hal_tim_ex.o(.text.HAL_TIMEx_ConfigBreakDeadTime)
    [Anonymous Symbol]                       0x08000bdc   Section        0  stm32f4xx_hal_tim_ex.o(.text.HAL_TIMEx_MasterConfigSynchronization)
    [Anonymous Symbol]                       0x08000c8c   Section        0  stm32f4xx_hal_tim.o(.text.HAL_TIM_Base_Start)
    [Anonymous Symbol]                       0x08000cb0   Section        0  stm32f4xx_hal_tim.o(.text.HAL_TIM_IC_CaptureCallback)
    [Anonymous Symbol]                       0x08000cb4   Section        0  stm32f4xx_hal_tim.o(.text.HAL_TIM_IRQHandler)
    [Anonymous Symbol]                       0x08000e20   Section        0  tim.o(.text.HAL_TIM_MspPostInit)
    [Anonymous Symbol]                       0x08000e7c   Section        0  stm32f4xx_hal_tim.o(.text.HAL_TIM_OC_DelayElapsedCallback)
    [Anonymous Symbol]                       0x08000e80   Section        0  stm32f4xx_hal_tim.o(.text.HAL_TIM_PWM_ConfigChannel)
    [Anonymous Symbol]                       0x08000f18   Section        0  stm32f4xx_hal_tim.o(.text.HAL_TIM_PWM_Init)
    [Anonymous Symbol]                       0x08000f48   Section        0  tim.o(.text.HAL_TIM_PWM_MspInit)
    [Anonymous Symbol]                       0x08000fa0   Section        0  stm32f4xx_hal_tim.o(.text.HAL_TIM_PWM_PulseFinishedCallback)
    [Anonymous Symbol]                       0x08000fa4   Section        0  stm32f4xx_hal_tim.o(.text.HAL_TIM_PWM_Start)
    [Anonymous Symbol]                       0x08000fe0   Section        0  stm32f4xx_hal_tim.o(.text.HAL_TIM_PeriodElapsedCallback)
    [Anonymous Symbol]                       0x08000fe4   Section        0  stm32f4xx_hal_tim.o(.text.HAL_TIM_TriggerCallback)
    [Anonymous Symbol]                       0x08000fe8   Section        0  stm32f4xx_hal_uart.o(.text.HAL_UART_ErrorCallback)
    [Anonymous Symbol]                       0x08000fec   Section        0  stm32f4xx_hal_uart.o(.text.HAL_UART_IRQHandler)
    [Anonymous Symbol]                       0x080010fc   Section        0  stm32f4xx_hal_uart.o(.text.HAL_UART_Init)
    [Anonymous Symbol]                       0x08001150   Section        0  usart.o(.text.HAL_UART_MspInit)
    [Anonymous Symbol]                       0x080011d4   Section        0  stm32f4xx_hal_uart.o(.text.HAL_UART_Receive_IT)
    [Anonymous Symbol]                       0x08001220   Section        0  stm32f4xx_hal_uart.o(.text.HAL_UART_RxCpltCallback)
    [Anonymous Symbol]                       0x08001224   Section        0  stm32f4xx_hal_uart.o(.text.HAL_UART_TxCpltCallback)
    [Anonymous Symbol]                       0x08001228   Section        0  stm32f4xx_it.o(.text.HardFault_Handler)
    [Anonymous Symbol]                       0x0800122c   Section        0  gpio.o(.text.MX_GPIO_Init)
    [Anonymous Symbol]                       0x08001318   Section        0  tim.o(.text.MX_TIM1_Init)
    [Anonymous Symbol]                       0x08001424   Section        0  usart.o(.text.MX_USART1_UART_Init)
    [Anonymous Symbol]                       0x0800145c   Section        0  stm32f4xx_it.o(.text.MemManage_Handler)
    [Anonymous Symbol]                       0x08001460   Section        0  stm32f4xx_it.o(.text.NMI_Handler)
    NVIC_EncodePriority                      0x08001465   Thumb Code    44  stm32f4xx_hal_cortex.o(.text.NVIC_EncodePriority)
    [Anonymous Symbol]                       0x08001464   Section        0  stm32f4xx_hal_cortex.o(.text.NVIC_EncodePriority)
    [Anonymous Symbol]                       0x08001490   Section        0  stm32f4xx_it.o(.text.PendSV_Handler)
    [Anonymous Symbol]                       0x08001494   Section        0  stm32f4xx_it.o(.text.SVC_Handler)
    SysTick_Config                           0x08001499   Thumb Code    46  stm32f4xx_hal_cortex.o(.text.SysTick_Config)
    [Anonymous Symbol]                       0x08001498   Section        0  stm32f4xx_hal_cortex.o(.text.SysTick_Config)
    [Anonymous Symbol]                       0x080014c8   Section        0  stm32f4xx_it.o(.text.SysTick_Handler)
    [Anonymous Symbol]                       0x080014d0   Section        0  main.o(.text.SystemClock_Config)
    [Anonymous Symbol]                       0x0800156c   Section        0  system_stm32f4xx.o(.text.SystemInit)
    [Anonymous Symbol]                       0x08001588   Section        0  stm32f4xx_it.o(.text.TIM1_CC_IRQHandler)
    [Anonymous Symbol]                       0x08001598   Section        0  stm32f4xx_it.o(.text.TIM1_TRG_COM_TIM11_IRQHandler)
    [Anonymous Symbol]                       0x080015a8   Section        0  stm32f4xx_hal_tim.o(.text.TIM_Base_SetConfig)
    [Anonymous Symbol]                       0x080016cc   Section        0  stm32f4xx_hal_tim.o(.text.TIM_CCxChannelCmd)
    TIM_OC1_SetConfig                        0x080016f1   Thumb Code    96  stm32f4xx_hal_tim.o(.text.TIM_OC1_SetConfig)
    [Anonymous Symbol]                       0x080016f0   Section        0  stm32f4xx_hal_tim.o(.text.TIM_OC1_SetConfig)
    [Anonymous Symbol]                       0x08001750   Section        0  stm32f4xx_hal_tim.o(.text.TIM_OC2_SetConfig)
    TIM_OC3_SetConfig                        0x080017b9   Thumb Code   104  stm32f4xx_hal_tim.o(.text.TIM_OC3_SetConfig)
    [Anonymous Symbol]                       0x080017b8   Section        0  stm32f4xx_hal_tim.o(.text.TIM_OC3_SetConfig)
    TIM_OC4_SetConfig                        0x08001821   Thumb Code    78  stm32f4xx_hal_tim.o(.text.TIM_OC4_SetConfig)
    [Anonymous Symbol]                       0x08001820   Section        0  stm32f4xx_hal_tim.o(.text.TIM_OC4_SetConfig)
    UART_DMAAbortOnError                     0x08001871   Thumb Code    16  stm32f4xx_hal_uart.o(.text.UART_DMAAbortOnError)
    [Anonymous Symbol]                       0x08001870   Section        0  stm32f4xx_hal_uart.o(.text.UART_DMAAbortOnError)
    UART_EndRxTransfer                       0x08001881   Thumb Code    24  stm32f4xx_hal_uart.o(.text.UART_EndRxTransfer)
    [Anonymous Symbol]                       0x08001880   Section        0  stm32f4xx_hal_uart.o(.text.UART_EndRxTransfer)
    UART_EndTransmit_IT                      0x08001899   Thumb Code    22  stm32f4xx_hal_uart.o(.text.UART_EndTransmit_IT)
    [Anonymous Symbol]                       0x08001898   Section        0  stm32f4xx_hal_uart.o(.text.UART_EndTransmit_IT)
    UART_Receive_IT                          0x080018b1   Thumb Code   122  stm32f4xx_hal_uart.o(.text.UART_Receive_IT)
    [Anonymous Symbol]                       0x080018b0   Section        0  stm32f4xx_hal_uart.o(.text.UART_Receive_IT)
    UART_SetConfig                           0x0800192d   Thumb Code   364  stm32f4xx_hal_uart.o(.text.UART_SetConfig)
    [Anonymous Symbol]                       0x0800192c   Section        0  stm32f4xx_hal_uart.o(.text.UART_SetConfig)
    UART_Transmit_IT                         0x08001a99   Thumb Code    88  stm32f4xx_hal_uart.o(.text.UART_Transmit_IT)
    [Anonymous Symbol]                       0x08001a98   Section        0  stm32f4xx_hal_uart.o(.text.UART_Transmit_IT)
    [Anonymous Symbol]                       0x08001af0   Section        0  main.o(.text.USART1_IRQHandler)
    [Anonymous Symbol]                       0x08001b28   Section        0  stm32f4xx_it.o(.text.UsageFault_Handler)
    __NVIC_EnableIRQ                         0x08001b2d   Thumb Code    32  stm32f4xx_hal_cortex.o(.text.__NVIC_EnableIRQ)
    [Anonymous Symbol]                       0x08001b2c   Section        0  stm32f4xx_hal_cortex.o(.text.__NVIC_EnableIRQ)
    __NVIC_GetPriorityGrouping               0x08001b4d   Thumb Code    16  stm32f4xx_hal_cortex.o(.text.__NVIC_GetPriorityGrouping)
    [Anonymous Symbol]                       0x08001b4c   Section        0  stm32f4xx_hal_cortex.o(.text.__NVIC_GetPriorityGrouping)
    __NVIC_SetPriority                       0x08001b5d   Thumb Code    34  stm32f4xx_hal_cortex.o(.text.__NVIC_SetPriority)
    [Anonymous Symbol]                       0x08001b5c   Section        0  stm32f4xx_hal_cortex.o(.text.__NVIC_SetPriority)
    __NVIC_SetPriorityGrouping               0x08001b81   Thumb Code    32  stm32f4xx_hal_cortex.o(.text.__NVIC_SetPriorityGrouping)
    [Anonymous Symbol]                       0x08001b80   Section        0  stm32f4xx_hal_cortex.o(.text.__NVIC_SetPriorityGrouping)
    [Anonymous Symbol]                       0x08001ba0   Section        0  main.o(.text.find_cmd)
    [Anonymous Symbol]                       0x08001bf0   Section        0  main.o(.text.main)
    [Anonymous Symbol]                       0x08001c3c   Section        0  main.o(.text.set_block_control)
    i.__scatterload_copy                     0x08001d1c   Section       14  handlers.o(i.__scatterload_copy)
    i.__scatterload_null                     0x08001d2a   Section        2  handlers.o(i.__scatterload_null)
    i.__scatterload_zeroinit                 0x08001d2c   Section       14  handlers.o(i.__scatterload_zeroinit)
    STACK                                    0x200001a8   Section     1024  startup_stm32f407xx.o(STACK)

    Global Symbols

    Symbol Name                              Value     Ov Type        Size  Object(Section)

    BuildAttributes$$THM_ISAv4$E$P$D$K$B$S$7EM$VFPi3$EXTD16$VFPS$VFMA$PE$A:L22UL41UL21$X:L11$S22US41US21$IEEE1$IW$~IW$USESV6$~STKCKD$USESV7$WCHAR32$ENUMINT$~SHL$OTIME$EBA8$MICROLIB$REQ8$PRES8$EABIv2 0x00000000   Number         0  anon$$obj.o ABSOLUTE
    __cpp_initialize__aeabi_                  - Undefined Weak Reference
    __cxa_finalize                            - Undefined Weak Reference
    __decompress                              - Undefined Weak Reference
    _clock_init                               - Undefined Weak Reference
    _microlib_exit                            - Undefined Weak Reference
    __Vectors_Size                           0x00000188   Number         0  startup_stm32f407xx.o ABSOLUTE
    __Vectors                                0x08000000   Data           4  startup_stm32f407xx.o(RESET)
    __Vectors_End                            0x08000188   Data           0  startup_stm32f407xx.o(RESET)
    __main                                   0x08000189   Thumb Code     0  entry.o(.ARM.Collect$$$$00000000)
    _main_stk                                0x08000189   Thumb Code     0  entry2.o(.ARM.Collect$$$$00000001)
    _main_scatterload                        0x0800018d   Thumb Code     0  entry5.o(.ARM.Collect$$$$00000004)
    __main_after_scatterload                 0x08000191   Thumb Code     0  entry5.o(.ARM.Collect$$$$00000004)
    _main_clock                              0x08000191   Thumb Code     0  entry7b.o(.ARM.Collect$$$$00000008)
    _main_cpp_init                           0x08000191   Thumb Code     0  entry8b.o(.ARM.Collect$$$$0000000A)
    _main_init                               0x08000191   Thumb Code     0  entry9a.o(.ARM.Collect$$$$0000000B)
    __rt_final_cpp                           0x08000199   Thumb Code     0  entry10a.o(.ARM.Collect$$$$0000000D)
    __rt_final_exit                          0x08000199   Thumb Code     0  entry11a.o(.ARM.Collect$$$$0000000F)
    Reset_Handler                            0x0800019d   Thumb Code     8  startup_stm32f407xx.o(.text)
    ADC_IRQHandler                           0x080001b7   Thumb Code     0  startup_stm32f407xx.o(.text)
    CAN1_RX0_IRQHandler                      0x080001b7   Thumb Code     0  startup_stm32f407xx.o(.text)
    CAN1_RX1_IRQHandler                      0x080001b7   Thumb Code     0  startup_stm32f407xx.o(.text)
    CAN1_SCE_IRQHandler                      0x080001b7   Thumb Code     0  startup_stm32f407xx.o(.text)
    CAN1_TX_IRQHandler                       0x080001b7   Thumb Code     0  startup_stm32f407xx.o(.text)
    CAN2_RX0_IRQHandler                      0x080001b7   Thumb Code     0  startup_stm32f407xx.o(.text)
    CAN2_RX1_IRQHandler                      0x080001b7   Thumb Code     0  startup_stm32f407xx.o(.text)
    CAN2_SCE_IRQHandler                      0x080001b7   Thumb Code     0  startup_stm32f407xx.o(.text)
    CAN2_TX_IRQHandler                       0x080001b7   Thumb Code     0  startup_stm32f407xx.o(.text)
    DCMI_IRQHandler                          0x080001b7   Thumb Code     0  startup_stm32f407xx.o(.text)
    DMA1_Stream0_IRQHandler                  0x080001b7   Thumb Code     0  startup_stm32f407xx.o(.text)
    DMA1_Stream1_IRQHandler                  0x080001b7   Thumb Code     0  startup_stm32f407xx.o(.text)
    DMA1_Stream2_IRQHandler                  0x080001b7   Thumb Code     0  startup_stm32f407xx.o(.text)
    DMA1_Stream3_IRQHandler                  0x080001b7   Thumb Code     0  startup_stm32f407xx.o(.text)
    DMA1_Stream4_IRQHandler                  0x080001b7   Thumb Code     0  startup_stm32f407xx.o(.text)
    DMA1_Stream5_IRQHandler                  0x080001b7   Thumb Code     0  startup_stm32f407xx.o(.text)
    DMA1_Stream6_IRQHandler                  0x080001b7   Thumb Code     0  startup_stm32f407xx.o(.text)
    DMA1_Stream7_IRQHandler                  0x080001b7   Thumb Code     0  startup_stm32f407xx.o(.text)
    DMA2_Stream0_IRQHandler                  0x080001b7   Thumb Code     0  startup_stm32f407xx.o(.text)
    DMA2_Stream1_IRQHandler                  0x080001b7   Thumb Code     0  startup_stm32f407xx.o(.text)
    DMA2_Stream2_IRQHandler                  0x080001b7   Thumb Code     0  startup_stm32f407xx.o(.text)
    DMA2_Stream3_IRQHandler                  0x080001b7   Thumb Code     0  startup_stm32f407xx.o(.text)
    DMA2_Stream4_IRQHandler                  0x080001b7   Thumb Code     0  startup_stm32f407xx.o(.text)
    DMA2_Stream5_IRQHandler                  0x080001b7   Thumb Code     0  startup_stm32f407xx.o(.text)
    DMA2_Stream6_IRQHandler                  0x080001b7   Thumb Code     0  startup_stm32f407xx.o(.text)
    DMA2_Stream7_IRQHandler                  0x080001b7   Thumb Code     0  startup_stm32f407xx.o(.text)
    ETH_IRQHandler                           0x080001b7   Thumb Code     0  startup_stm32f407xx.o(.text)
    ETH_WKUP_IRQHandler                      0x080001b7   Thumb Code     0  startup_stm32f407xx.o(.text)
    EXTI0_IRQHandler                         0x080001b7   Thumb Code     0  startup_stm32f407xx.o(.text)
    EXTI15_10_IRQHandler                     0x080001b7   Thumb Code     0  startup_stm32f407xx.o(.text)
    EXTI1_IRQHandler                         0x080001b7   Thumb Code     0  startup_stm32f407xx.o(.text)
    EXTI2_IRQHandler                         0x080001b7   Thumb Code     0  startup_stm32f407xx.o(.text)
    EXTI3_IRQHandler                         0x080001b7   Thumb Code     0  startup_stm32f407xx.o(.text)
    EXTI4_IRQHandler                         0x080001b7   Thumb Code     0  startup_stm32f407xx.o(.text)
    FLASH_IRQHandler                         0x080001b7   Thumb Code     0  startup_stm32f407xx.o(.text)
    FMC_IRQHandler                           0x080001b7   Thumb Code     0  startup_stm32f407xx.o(.text)
    FPU_IRQHandler                           0x080001b7   Thumb Code     0  startup_stm32f407xx.o(.text)
    HASH_RNG_IRQHandler                      0x080001b7   Thumb Code     0  startup_stm32f407xx.o(.text)
    I2C1_ER_IRQHandler                       0x080001b7   Thumb Code     0  startup_stm32f407xx.o(.text)
    I2C1_EV_IRQHandler                       0x080001b7   Thumb Code     0  startup_stm32f407xx.o(.text)
    I2C2_ER_IRQHandler                       0x080001b7   Thumb Code     0  startup_stm32f407xx.o(.text)
    I2C2_EV_IRQHandler                       0x080001b7   Thumb Code     0  startup_stm32f407xx.o(.text)
    I2C3_ER_IRQHandler                       0x080001b7   Thumb Code     0  startup_stm32f407xx.o(.text)
    I2C3_EV_IRQHandler                       0x080001b7   Thumb Code     0  startup_stm32f407xx.o(.text)
    OTG_FS_IRQHandler                        0x080001b7   Thumb Code     0  startup_stm32f407xx.o(.text)
    OTG_FS_WKUP_IRQHandler                   0x080001b7   Thumb Code     0  startup_stm32f407xx.o(.text)
    OTG_HS_EP1_IN_IRQHandler                 0x080001b7   Thumb Code     0  startup_stm32f407xx.o(.text)
    OTG_HS_EP1_OUT_IRQHandler                0x080001b7   Thumb Code     0  startup_stm32f407xx.o(.text)
    OTG_HS_IRQHandler                        0x080001b7   Thumb Code     0  startup_stm32f407xx.o(.text)
    OTG_HS_WKUP_IRQHandler                   0x080001b7   Thumb Code     0  startup_stm32f407xx.o(.text)
    PVD_IRQHandler                           0x080001b7   Thumb Code     0  startup_stm32f407xx.o(.text)
    RCC_IRQHandler                           0x080001b7   Thumb Code     0  startup_stm32f407xx.o(.text)
    RTC_Alarm_IRQHandler                     0x080001b7   Thumb Code     0  startup_stm32f407xx.o(.text)
    RTC_WKUP_IRQHandler                      0x080001b7   Thumb Code     0  startup_stm32f407xx.o(.text)
    SDIO_IRQHandler                          0x080001b7   Thumb Code     0  startup_stm32f407xx.o(.text)
    SPI1_IRQHandler                          0x080001b7   Thumb Code     0  startup_stm32f407xx.o(.text)
    SPI2_IRQHandler                          0x080001b7   Thumb Code     0  startup_stm32f407xx.o(.text)
    SPI3_IRQHandler                          0x080001b7   Thumb Code     0  startup_stm32f407xx.o(.text)
    TAMP_STAMP_IRQHandler                    0x080001b7   Thumb Code     0  startup_stm32f407xx.o(.text)
    TIM1_BRK_TIM9_IRQHandler                 0x080001b7   Thumb Code     0  startup_stm32f407xx.o(.text)
    TIM1_UP_TIM10_IRQHandler                 0x080001b7   Thumb Code     0  startup_stm32f407xx.o(.text)
    TIM2_IRQHandler                          0x080001b7   Thumb Code     0  startup_stm32f407xx.o(.text)
    TIM3_IRQHandler                          0x080001b7   Thumb Code     0  startup_stm32f407xx.o(.text)
    TIM4_IRQHandler                          0x080001b7   Thumb Code     0  startup_stm32f407xx.o(.text)
    TIM5_IRQHandler                          0x080001b7   Thumb Code     0  startup_stm32f407xx.o(.text)
    TIM6_DAC_IRQHandler                      0x080001b7   Thumb Code     0  startup_stm32f407xx.o(.text)
    TIM7_IRQHandler                          0x080001b7   Thumb Code     0  startup_stm32f407xx.o(.text)
    TIM8_BRK_TIM12_IRQHandler                0x080001b7   Thumb Code     0  startup_stm32f407xx.o(.text)
    TIM8_CC_IRQHandler                       0x080001b7   Thumb Code     0  startup_stm32f407xx.o(.text)
    TIM8_TRG_COM_TIM14_IRQHandler            0x080001b7   Thumb Code     0  startup_stm32f407xx.o(.text)
    TIM8_UP_TIM13_IRQHandler                 0x080001b7   Thumb Code     0  startup_stm32f407xx.o(.text)
    UART4_IRQHandler                         0x080001b7   Thumb Code     0  startup_stm32f407xx.o(.text)
    UART5_IRQHandler                         0x080001b7   Thumb Code     0  startup_stm32f407xx.o(.text)
    USART2_IRQHandler                        0x080001b7   Thumb Code     0  startup_stm32f407xx.o(.text)
    USART3_IRQHandler                        0x080001b7   Thumb Code     0  startup_stm32f407xx.o(.text)
    USART6_IRQHandler                        0x080001b7   Thumb Code     0  startup_stm32f407xx.o(.text)
    WWDG_IRQHandler                          0x080001b7   Thumb Code     0  startup_stm32f407xx.o(.text)
    __aeabi_uldivmod                         0x080001c1   Thumb Code    98  uldiv.o(.text)
    __aeabi_memset                           0x08000223   Thumb Code    14  memseta.o(.text)
    __aeabi_memset4                          0x08000223   Thumb Code     0  memseta.o(.text)
    __aeabi_memset8                          0x08000223   Thumb Code     0  memseta.o(.text)
    __aeabi_memclr                           0x08000231   Thumb Code     4  memseta.o(.text)
    __aeabi_memclr4                          0x08000231   Thumb Code     0  memseta.o(.text)
    __aeabi_memclr8                          0x08000231   Thumb Code     0  memseta.o(.text)
    _memset$wrapper                          0x08000235   Thumb Code    18  memseta.o(.text)
    __aeabi_llsl                             0x08000247   Thumb Code    30  llshl.o(.text)
    _ll_shift_l                              0x08000247   Thumb Code     0  llshl.o(.text)
    __aeabi_llsr                             0x08000265   Thumb Code    32  llushr.o(.text)
    _ll_ushift_r                             0x08000265   Thumb Code     0  llushr.o(.text)
    __scatterload                            0x08000285   Thumb Code    28  init.o(.text)
    __scatterload_rt2                        0x08000285   Thumb Code     0  init.o(.text)
    BusFault_Handler                         0x080002a9   Thumb Code     2  stm32f4xx_it.o(.text.BusFault_Handler)
    DebugMon_Handler                         0x080002ad   Thumb Code     2  stm32f4xx_it.o(.text.DebugMon_Handler)
    EXTI9_5_IRQHandler                       0x080002b1   Thumb Code    10  stm32f4xx_it.o(.text.EXTI9_5_IRQHandler)
    Error_Handler                            0x080002bd   Thumb Code    10  main.o(.text.Error_Handler)
    HAL_DMA_Abort_IT                         0x080002c9   Thumb Code    32  stm32f4xx_hal_dma.o(.text.HAL_DMA_Abort_IT)
    HAL_Delay                                0x080002e9   Thumb Code    40  stm32f4xx_hal.o(.text.HAL_Delay)
    HAL_GPIO_EXTI_Callback                   0x08000311   Thumb Code    66  main.o(.text.HAL_GPIO_EXTI_Callback)
    HAL_GPIO_EXTI_IRQHandler                 0x08000355   Thumb Code    26  stm32f4xx_hal_gpio.o(.text.HAL_GPIO_EXTI_IRQHandler)
    HAL_GPIO_Init                            0x08000371   Thumb Code   412  stm32f4xx_hal_gpio.o(.text.HAL_GPIO_Init)
    HAL_GPIO_ReadPin                         0x0800050d   Thumb Code    10  stm32f4xx_hal_gpio.o(.text.HAL_GPIO_ReadPin)
    HAL_GetTick                              0x08000519   Thumb Code    12  stm32f4xx_hal.o(.text.HAL_GetTick)
    HAL_IncTick                              0x08000525   Thumb Code    26  stm32f4xx_hal.o(.text.HAL_IncTick)
    HAL_Init                                 0x08000541   Thumb Code    54  stm32f4xx_hal.o(.text.HAL_Init)
    HAL_InitTick                             0x08000579   Thumb Code    80  stm32f4xx_hal.o(.text.HAL_InitTick)
    HAL_MspInit                              0x080005c9   Thumb Code    56  stm32f4xx_hal_msp.o(.text.HAL_MspInit)
    HAL_NVIC_EnableIRQ                       0x08000601   Thumb Code     8  stm32f4xx_hal_cortex.o(.text.HAL_NVIC_EnableIRQ)
    HAL_NVIC_SetPriority                     0x08000609   Thumb Code    30  stm32f4xx_hal_cortex.o(.text.HAL_NVIC_SetPriority)
    HAL_NVIC_SetPriorityGrouping             0x08000629   Thumb Code     8  stm32f4xx_hal_cortex.o(.text.HAL_NVIC_SetPriorityGrouping)
    HAL_RCC_ClockConfig                      0x08000631   Thumb Code   352  stm32f4xx_hal_rcc.o(.text.HAL_RCC_ClockConfig)
    HAL_RCC_GetHCLKFreq                      0x08000791   Thumb Code    12  stm32f4xx_hal_rcc.o(.text.HAL_RCC_GetHCLKFreq)
    HAL_RCC_GetPCLK1Freq                     0x0800079d   Thumb Code    34  stm32f4xx_hal_rcc.o(.text.HAL_RCC_GetPCLK1Freq)
    HAL_RCC_GetPCLK2Freq                     0x080007c1   Thumb Code    34  stm32f4xx_hal_rcc.o(.text.HAL_RCC_GetPCLK2Freq)
    HAL_RCC_GetSysClockFreq                  0x080007e5   Thumb Code   106  stm32f4xx_hal_rcc.o(.text.HAL_RCC_GetSysClockFreq)
    HAL_RCC_OscConfig                        0x08000851   Thumb Code   820  stm32f4xx_hal_rcc.o(.text.HAL_RCC_OscConfig)
    HAL_SYSTICK_Config                       0x08000b85   Thumb Code     8  stm32f4xx_hal_cortex.o(.text.HAL_SYSTICK_Config)
    HAL_TIMEx_BreakCallback                  0x08000b8d   Thumb Code     2  stm32f4xx_hal_tim_ex.o(.text.HAL_TIMEx_BreakCallback)
    HAL_TIMEx_CommutCallback                 0x08000b91   Thumb Code     2  stm32f4xx_hal_tim_ex.o(.text.HAL_TIMEx_CommutCallback)
    HAL_TIMEx_ConfigBreakDeadTime            0x08000b95   Thumb Code    72  stm32f4xx_hal_tim_ex.o(.text.HAL_TIMEx_ConfigBreakDeadTime)
    HAL_TIMEx_MasterConfigSynchronization    0x08000bdd   Thumb Code   174  stm32f4xx_hal_tim_ex.o(.text.HAL_TIMEx_MasterConfigSynchronization)
    HAL_TIM_Base_Start                       0x08000c8d   Thumb Code    34  stm32f4xx_hal_tim.o(.text.HAL_TIM_Base_Start)
    HAL_TIM_IC_CaptureCallback               0x08000cb1   Thumb Code     2  stm32f4xx_hal_tim.o(.text.HAL_TIM_IC_CaptureCallback)
    HAL_TIM_IRQHandler                       0x08000cb5   Thumb Code   362  stm32f4xx_hal_tim.o(.text.HAL_TIM_IRQHandler)
    HAL_TIM_MspPostInit                      0x08000e21   Thumb Code    92  tim.o(.text.HAL_TIM_MspPostInit)
    HAL_TIM_OC_DelayElapsedCallback          0x08000e7d   Thumb Code     2  stm32f4xx_hal_tim.o(.text.HAL_TIM_OC_DelayElapsedCallback)
    HAL_TIM_PWM_ConfigChannel                0x08000e81   Thumb Code   150  stm32f4xx_hal_tim.o(.text.HAL_TIM_PWM_ConfigChannel)
    HAL_TIM_PWM_Init                         0x08000f19   Thumb Code    46  stm32f4xx_hal_tim.o(.text.HAL_TIM_PWM_Init)
    HAL_TIM_PWM_MspInit                      0x08000f49   Thumb Code    86  tim.o(.text.HAL_TIM_PWM_MspInit)
    HAL_TIM_PWM_PulseFinishedCallback        0x08000fa1   Thumb Code     2  stm32f4xx_hal_tim.o(.text.HAL_TIM_PWM_PulseFinishedCallback)
    HAL_TIM_PWM_Start                        0x08000fa5   Thumb Code    60  stm32f4xx_hal_tim.o(.text.HAL_TIM_PWM_Start)
    HAL_TIM_PeriodElapsedCallback            0x08000fe1   Thumb Code     2  stm32f4xx_hal_tim.o(.text.HAL_TIM_PeriodElapsedCallback)
    HAL_TIM_TriggerCallback                  0x08000fe5   Thumb Code     2  stm32f4xx_hal_tim.o(.text.HAL_TIM_TriggerCallback)
    HAL_UART_ErrorCallback                   0x08000fe9   Thumb Code     2  stm32f4xx_hal_uart.o(.text.HAL_UART_ErrorCallback)
    HAL_UART_IRQHandler                      0x08000fed   Thumb Code   270  stm32f4xx_hal_uart.o(.text.HAL_UART_IRQHandler)
    HAL_UART_Init                            0x080010fd   Thumb Code    84  stm32f4xx_hal_uart.o(.text.HAL_UART_Init)
    HAL_UART_MspInit                         0x08001151   Thumb Code   132  usart.o(.text.HAL_UART_MspInit)
    HAL_UART_Receive_IT                      0x080011d5   Thumb Code    76  stm32f4xx_hal_uart.o(.text.HAL_UART_Receive_IT)
    HAL_UART_RxCpltCallback                  0x08001221   Thumb Code     2  stm32f4xx_hal_uart.o(.text.HAL_UART_RxCpltCallback)
    HAL_UART_TxCpltCallback                  0x08001225   Thumb Code     2  stm32f4xx_hal_uart.o(.text.HAL_UART_TxCpltCallback)
    HardFault_Handler                        0x08001229   Thumb Code     2  stm32f4xx_it.o(.text.HardFault_Handler)
    MX_GPIO_Init                             0x0800122d   Thumb Code   236  gpio.o(.text.MX_GPIO_Init)
    MX_TIM1_Init                             0x08001319   Thumb Code   266  tim.o(.text.MX_TIM1_Init)
    MX_USART1_UART_Init                      0x08001425   Thumb Code    56  usart.o(.text.MX_USART1_UART_Init)
    MemManage_Handler                        0x0800145d   Thumb Code     2  stm32f4xx_it.o(.text.MemManage_Handler)
    NMI_Handler                              0x08001461   Thumb Code     2  stm32f4xx_it.o(.text.NMI_Handler)
    PendSV_Handler                           0x08001491   Thumb Code     2  stm32f4xx_it.o(.text.PendSV_Handler)
    SVC_Handler                              0x08001495   Thumb Code     2  stm32f4xx_it.o(.text.SVC_Handler)
    SysTick_Handler                          0x080014c9   Thumb Code     8  stm32f4xx_it.o(.text.SysTick_Handler)
    SystemClock_Config                       0x080014d1   Thumb Code   156  main.o(.text.SystemClock_Config)
    SystemInit                               0x0800156d   Thumb Code    26  system_stm32f4xx.o(.text.SystemInit)
    TIM1_CC_IRQHandler                       0x08001589   Thumb Code    16  stm32f4xx_it.o(.text.TIM1_CC_IRQHandler)
    TIM1_TRG_COM_TIM11_IRQHandler            0x08001599   Thumb Code    16  stm32f4xx_it.o(.text.TIM1_TRG_COM_TIM11_IRQHandler)
    TIM_Base_SetConfig                       0x080015a9   Thumb Code   292  stm32f4xx_hal_tim.o(.text.TIM_Base_SetConfig)
    TIM_CCxChannelCmd                        0x080016cd   Thumb Code    36  stm32f4xx_hal_tim.o(.text.TIM_CCxChannelCmd)
    TIM_OC2_SetConfig                        0x08001751   Thumb Code   104  stm32f4xx_hal_tim.o(.text.TIM_OC2_SetConfig)
    USART1_IRQHandler                        0x08001af1   Thumb Code    54  main.o(.text.USART1_IRQHandler)
    UsageFault_Handler                       0x08001b29   Thumb Code     2  stm32f4xx_it.o(.text.UsageFault_Handler)
    find_cmd                                 0x08001ba1   Thumb Code    80  main.o(.text.find_cmd)
    main                                     0x08001bf1   Thumb Code    74  main.o(.text.main)
    set_block_control                        0x08001c3d   Thumb Code   224  main.o(.text.set_block_control)
    __scatterload_copy                       0x08001d1d   Thumb Code    14  handlers.o(i.__scatterload_copy)
    __scatterload_null                       0x08001d2b   Thumb Code     2  handlers.o(i.__scatterload_null)
    __scatterload_zeroinit                   0x08001d2d   Thumb Code    14  handlers.o(i.__scatterload_zeroinit)
    AHBPrescTable                            0x08001d3a   Data          16  system_stm32f4xx.o(.rodata.AHBPrescTable)
    APBPrescTable                            0x08001d4a   Data           8  system_stm32f4xx.o(.rodata.APBPrescTable)
    Region$$Table$$Base                      0x08001d54   Number         0  anon$$obj.o(Region$$Table)
    Region$$Table$$Limit                     0x08001d74   Number         0  anon$$obj.o(Region$$Table)
    SystemCoreClock                          0x20000000   Data           4  system_stm32f4xx.o(.data.SystemCoreClock)
    uwTickFreq                               0x20000004   Data           4  stm32f4xx_hal.o(.data.uwTickFreq)
    uwTickPrio                               0x20000008   Data           4  stm32f4xx_hal.o(.data.uwTickPrio)
    block_state                              0x20000010   Data           1  main.o(.bss.block_state)
    cmd                                      0x20000011   Data           4  main.o(.bss.cmd)
    flag                                     0x20000015   Data           3  main.o(.bss.flag)
    htim1                                    0x20000018   Data          68  tim.o(.bss.htim1)
    huart1                                   0x2000005c   Data          72  usart.o(.bss.huart1)
    ucRxBuffer                               0x200000a4   Data         250  main.o(.bss.ucRxBuffer)
    ucRxCnt                                  0x2000019e   Data           1  main.o(.bss.ucRxCnt)
    uwTick                                   0x200001a0   Data           4  stm32f4xx_hal.o(.bss.uwTick)
    __initial_sp                             0x200005a8   Data           0  startup_stm32f407xx.o(STACK)



==============================================================================

Memory Map of the image

  Image Entry point : 0x08000189

  Load Region LR_IROM1 (Base: 0x08000000, Size: 0x00001d88, Max: 0x00080000, ABSOLUTE)

    Execution Region ER_IROM1 (Exec base: 0x08000000, Load base: 0x08000000, Size: 0x00001d74, Max: 0x00080000, ABSOLUTE)

    Exec Addr    Load Addr    Size         Type   Attr      Idx    E Section Name        Object

    0x08000000   0x08000000   0x00000188   Data   RO            3    RESET               startup_stm32f407xx.o
    0x08000188   0x08000188   0x00000000   Code   RO         1016  * .ARM.Collect$$$$00000000  mc_w.l(entry.o)
    0x08000188   0x08000188   0x00000004   Code   RO         1023    .ARM.Collect$$$$00000001  mc_w.l(entry2.o)
    0x0800018c   0x0800018c   0x00000004   Code   RO         1026    .ARM.Collect$$$$00000004  mc_w.l(entry5.o)
    0x08000190   0x08000190   0x00000000   Code   RO         1028    .ARM.Collect$$$$00000008  mc_w.l(entry7b.o)
    0x08000190   0x08000190   0x00000000   Code   RO         1030    .ARM.Collect$$$$0000000A  mc_w.l(entry8b.o)
    0x08000190   0x08000190   0x00000008   Code   RO         1031    .ARM.Collect$$$$0000000B  mc_w.l(entry9a.o)
    0x08000198   0x08000198   0x00000000   Code   RO         1033    .ARM.Collect$$$$0000000D  mc_w.l(entry10a.o)
    0x08000198   0x08000198   0x00000000   Code   RO         1035    .ARM.Collect$$$$0000000F  mc_w.l(entry11a.o)
    0x08000198   0x08000198   0x00000004   Code   RO         1024    .ARM.Collect$$$$00002712  mc_w.l(entry2.o)
    0x0800019c   0x0800019c   0x00000024   Code   RO            4    .text               startup_stm32f407xx.o
    0x080001c0   0x080001c0   0x00000062   Code   RO         1019    .text               mc_w.l(uldiv.o)
    0x08000222   0x08000222   0x00000024   Code   RO         1021    .text               mc_w.l(memseta.o)
    0x08000246   0x08000246   0x0000001e   Code   RO         1037    .text               mc_w.l(llshl.o)
    0x08000264   0x08000264   0x00000020   Code   RO         1039    .text               mc_w.l(llushr.o)
    0x08000284   0x08000284   0x00000024   Code   RO         1041    .text               mc_w.l(init.o)
    0x080002a8   0x080002a8   0x00000002   Code   RO           86    .text.BusFault_Handler  stm32f4xx_it.o
    0x080002aa   0x080002aa   0x00000002   PAD
    0x080002ac   0x080002ac   0x00000002   Code   RO           92    .text.DebugMon_Handler  stm32f4xx_it.o
    0x080002ae   0x080002ae   0x00000002   PAD
    0x080002b0   0x080002b0   0x0000000a   Code   RO           98    .text.EXTI9_5_IRQHandler  stm32f4xx_it.o
    0x080002ba   0x080002ba   0x00000002   PAD
    0x080002bc   0x080002bc   0x0000000a   Code   RO           21    .text.Error_Handler  main.o
    0x080002c6   0x080002c6   0x00000002   PAD
    0x080002c8   0x080002c8   0x00000020   Code   RO          637    .text.HAL_DMA_Abort_IT  stm32f4xx_hal_dma.o
    0x080002e8   0x080002e8   0x00000028   Code   RO          813    .text.HAL_Delay     stm32f4xx_hal.o
    0x08000310   0x08000310   0x00000042   Code   RO           23    .text.HAL_GPIO_EXTI_Callback  main.o
    0x08000352   0x08000352   0x00000002   PAD
    0x08000354   0x08000354   0x0000001a   Code   RO          593    .text.HAL_GPIO_EXTI_IRQHandler  stm32f4xx_hal_gpio.o
    0x0800036e   0x0800036e   0x00000002   PAD
    0x08000370   0x08000370   0x0000019c   Code   RO          581    .text.HAL_GPIO_Init  stm32f4xx_hal_gpio.o
    0x0800050c   0x0800050c   0x0000000a   Code   RO          585    .text.HAL_GPIO_ReadPin  stm32f4xx_hal_gpio.o
    0x08000516   0x08000516   0x00000002   PAD
    0x08000518   0x08000518   0x0000000c   Code   RO          805    .text.HAL_GetTick   stm32f4xx_hal.o
    0x08000524   0x08000524   0x0000001a   Code   RO          803    .text.HAL_IncTick   stm32f4xx_hal.o
    0x0800053e   0x0800053e   0x00000002   PAD
    0x08000540   0x08000540   0x00000036   Code   RO          793    .text.HAL_Init      stm32f4xx_hal.o
    0x08000576   0x08000576   0x00000002   PAD
    0x08000578   0x08000578   0x00000050   Code   RO          795    .text.HAL_InitTick  stm32f4xx_hal.o
    0x080005c8   0x080005c8   0x00000038   Code   RO          111    .text.HAL_MspInit   stm32f4xx_hal_msp.o
    0x08000600   0x08000600   0x00000008   Code   RO          733    .text.HAL_NVIC_EnableIRQ  stm32f4xx_hal_cortex.o
    0x08000608   0x08000608   0x0000001e   Code   RO          725    .text.HAL_NVIC_SetPriority  stm32f4xx_hal_cortex.o
    0x08000626   0x08000626   0x00000002   PAD
    0x08000628   0x08000628   0x00000008   Code   RO          721    .text.HAL_NVIC_SetPriorityGrouping  stm32f4xx_hal_cortex.o
    0x08000630   0x08000630   0x00000160   Code   RO          445    .text.HAL_RCC_ClockConfig  stm32f4xx_hal_rcc.o
    0x08000790   0x08000790   0x0000000c   Code   RO          455    .text.HAL_RCC_GetHCLKFreq  stm32f4xx_hal_rcc.o
    0x0800079c   0x0800079c   0x00000022   Code   RO          457    .text.HAL_RCC_GetPCLK1Freq  stm32f4xx_hal_rcc.o
    0x080007be   0x080007be   0x00000002   PAD
    0x080007c0   0x080007c0   0x00000022   Code   RO          459    .text.HAL_RCC_GetPCLK2Freq  stm32f4xx_hal_rcc.o
    0x080007e2   0x080007e2   0x00000002   PAD
    0x080007e4   0x080007e4   0x0000006a   Code   RO          447    .text.HAL_RCC_GetSysClockFreq  stm32f4xx_hal_rcc.o
    0x0800084e   0x0800084e   0x00000002   PAD
    0x08000850   0x08000850   0x00000334   Code   RO          443    .text.HAL_RCC_OscConfig  stm32f4xx_hal_rcc.o
    0x08000b84   0x08000b84   0x00000008   Code   RO          745    .text.HAL_SYSTICK_Config  stm32f4xx_hal_cortex.o
    0x08000b8c   0x08000b8c   0x00000002   Code   RO          429    .text.HAL_TIMEx_BreakCallback  stm32f4xx_hal_tim_ex.o
    0x08000b8e   0x08000b8e   0x00000002   PAD
    0x08000b90   0x08000b90   0x00000002   Code   RO          425    .text.HAL_TIMEx_CommutCallback  stm32f4xx_hal_tim_ex.o
    0x08000b92   0x08000b92   0x00000002   PAD
    0x08000b94   0x08000b94   0x00000048   Code   RO          421    .text.HAL_TIMEx_ConfigBreakDeadTime  stm32f4xx_hal_tim_ex.o
    0x08000bdc   0x08000bdc   0x000000ae   Code   RO          419    .text.HAL_TIMEx_MasterConfigSynchronization  stm32f4xx_hal_tim_ex.o
    0x08000c8a   0x08000c8a   0x00000002   PAD
    0x08000c8c   0x08000c8c   0x00000022   Code   RO          129    .text.HAL_TIM_Base_Start  stm32f4xx_hal_tim.o
    0x08000cae   0x08000cae   0x00000002   PAD
    0x08000cb0   0x08000cb0   0x00000002   Code   RO          255    .text.HAL_TIM_IC_CaptureCallback  stm32f4xx_hal_tim.o
    0x08000cb2   0x08000cb2   0x00000002   PAD
    0x08000cb4   0x08000cb4   0x0000016a   Code   RO          253    .text.HAL_TIM_IRQHandler  stm32f4xx_hal_tim.o
    0x08000e1e   0x08000e1e   0x00000002   PAD
    0x08000e20   0x08000e20   0x0000005c   Code   RO           50    .text.HAL_TIM_MspPostInit  tim.o
    0x08000e7c   0x08000e7c   0x00000002   Code   RO          257    .text.HAL_TIM_OC_DelayElapsedCallback  stm32f4xx_hal_tim.o
    0x08000e7e   0x08000e7e   0x00000002   PAD
    0x08000e80   0x08000e80   0x00000096   Code   RO          285    .text.HAL_TIM_PWM_ConfigChannel  stm32f4xx_hal_tim.o
    0x08000f16   0x08000f16   0x00000002   PAD
    0x08000f18   0x08000f18   0x0000002e   Code   RO          173    .text.HAL_TIM_PWM_Init  stm32f4xx_hal_tim.o
    0x08000f46   0x08000f46   0x00000002   PAD
    0x08000f48   0x08000f48   0x00000056   Code   RO           52    .text.HAL_TIM_PWM_MspInit  tim.o
    0x08000f9e   0x08000f9e   0x00000002   PAD
    0x08000fa0   0x08000fa0   0x00000002   Code   RO          259    .text.HAL_TIM_PWM_PulseFinishedCallback  stm32f4xx_hal_tim.o
    0x08000fa2   0x08000fa2   0x00000002   PAD
    0x08000fa4   0x08000fa4   0x0000003c   Code   RO          181    .text.HAL_TIM_PWM_Start  stm32f4xx_hal_tim.o
    0x08000fe0   0x08000fe0   0x00000002   Code   RO          261    .text.HAL_TIM_PeriodElapsedCallback  stm32f4xx_hal_tim.o
    0x08000fe2   0x08000fe2   0x00000002   PAD
    0x08000fe4   0x08000fe4   0x00000002   Code   RO          263    .text.HAL_TIM_TriggerCallback  stm32f4xx_hal_tim.o
    0x08000fe6   0x08000fe6   0x00000002   PAD
    0x08000fe8   0x08000fe8   0x00000002   Code   RO          966    .text.HAL_UART_ErrorCallback  stm32f4xx_hal_uart.o
    0x08000fea   0x08000fea   0x00000002   PAD
    0x08000fec   0x08000fec   0x0000010e   Code   RO          960    .text.HAL_UART_IRQHandler  stm32f4xx_hal_uart.o
    0x080010fa   0x080010fa   0x00000002   PAD
    0x080010fc   0x080010fc   0x00000054   Code   RO          884    .text.HAL_UART_Init  stm32f4xx_hal_uart.o
    0x08001150   0x08001150   0x00000084   Code   RO           67    .text.HAL_UART_MspInit  usart.o
    0x080011d4   0x080011d4   0x0000004c   Code   RO          908    .text.HAL_UART_Receive_IT  stm32f4xx_hal_uart.o
    0x08001220   0x08001220   0x00000002   Code   RO          976    .text.HAL_UART_RxCpltCallback  stm32f4xx_hal_uart.o
    0x08001222   0x08001222   0x00000002   PAD
    0x08001224   0x08001224   0x00000002   Code   RO          972    .text.HAL_UART_TxCpltCallback  stm32f4xx_hal_uart.o
    0x08001226   0x08001226   0x00000002   PAD
    0x08001228   0x08001228   0x00000002   Code   RO           82    .text.HardFault_Handler  stm32f4xx_it.o
    0x0800122a   0x0800122a   0x00000002   PAD
    0x0800122c   0x0800122c   0x000000ec   Code   RO           39    .text.MX_GPIO_Init  gpio.o
    0x08001318   0x08001318   0x0000010a   Code   RO           48    .text.MX_TIM1_Init  tim.o
    0x08001422   0x08001422   0x00000002   PAD
    0x08001424   0x08001424   0x00000038   Code   RO           65    .text.MX_USART1_UART_Init  usart.o
    0x0800145c   0x0800145c   0x00000002   Code   RO           84    .text.MemManage_Handler  stm32f4xx_it.o
    0x0800145e   0x0800145e   0x00000002   PAD
    0x08001460   0x08001460   0x00000002   Code   RO           80    .text.NMI_Handler   stm32f4xx_it.o
    0x08001462   0x08001462   0x00000002   PAD
    0x08001464   0x08001464   0x0000002c   Code   RO          731    .text.NVIC_EncodePriority  stm32f4xx_hal_cortex.o
    0x08001490   0x08001490   0x00000002   Code   RO           94    .text.PendSV_Handler  stm32f4xx_it.o
    0x08001492   0x08001492   0x00000002   PAD
    0x08001494   0x08001494   0x00000002   Code   RO           90    .text.SVC_Handler   stm32f4xx_it.o
    0x08001496   0x08001496   0x00000002   PAD
    0x08001498   0x08001498   0x0000002e   Code   RO          747    .text.SysTick_Config  stm32f4xx_hal_cortex.o
    0x080014c6   0x080014c6   0x00000002   PAD
    0x080014c8   0x080014c8   0x00000008   Code   RO           96    .text.SysTick_Handler  stm32f4xx_it.o
    0x080014d0   0x080014d0   0x0000009c   Code   RO           19    .text.SystemClock_Config  main.o
    0x0800156c   0x0800156c   0x0000001a   Code   RO         1002    .text.SystemInit    system_stm32f4xx.o
    0x08001586   0x08001586   0x00000002   PAD
    0x08001588   0x08001588   0x00000010   Code   RO          102    .text.TIM1_CC_IRQHandler  stm32f4xx_it.o
    0x08001598   0x08001598   0x00000010   Code   RO          100    .text.TIM1_TRG_COM_TIM11_IRQHandler  stm32f4xx_it.o
    0x080015a8   0x080015a8   0x00000124   Code   RO          123    .text.TIM_Base_SetConfig  stm32f4xx_hal_tim.o
    0x080016cc   0x080016cc   0x00000024   Code   RO          157    .text.TIM_CCxChannelCmd  stm32f4xx_hal_tim.o
    0x080016f0   0x080016f0   0x00000060   Code   RO          267    .text.TIM_OC1_SetConfig  stm32f4xx_hal_tim.o
    0x08001750   0x08001750   0x00000068   Code   RO          269    .text.TIM_OC2_SetConfig  stm32f4xx_hal_tim.o
    0x080017b8   0x080017b8   0x00000068   Code   RO          271    .text.TIM_OC3_SetConfig  stm32f4xx_hal_tim.o
    0x08001820   0x08001820   0x0000004e   Code   RO          273    .text.TIM_OC4_SetConfig  stm32f4xx_hal_tim.o
    0x0800186e   0x0800186e   0x00000002   PAD
    0x08001870   0x08001870   0x00000010   Code   RO          964    .text.UART_DMAAbortOnError  stm32f4xx_hal_uart.o
    0x08001880   0x08001880   0x00000018   Code   RO          932    .text.UART_EndRxTransfer  stm32f4xx_hal_uart.o
    0x08001898   0x08001898   0x00000016   Code   RO          970    .text.UART_EndTransmit_IT  stm32f4xx_hal_uart.o
    0x080018ae   0x080018ae   0x00000002   PAD
    0x080018b0   0x080018b0   0x0000007a   Code   RO          962    .text.UART_Receive_IT  stm32f4xx_hal_uart.o
    0x0800192a   0x0800192a   0x00000002   PAD
    0x0800192c   0x0800192c   0x0000016c   Code   RO          888    .text.UART_SetConfig  stm32f4xx_hal_uart.o
    0x08001a98   0x08001a98   0x00000058   Code   RO          968    .text.UART_Transmit_IT  stm32f4xx_hal_uart.o
    0x08001af0   0x08001af0   0x00000036   Code   RO           15    .text.USART1_IRQHandler  main.o
    0x08001b26   0x08001b26   0x00000002   PAD
    0x08001b28   0x08001b28   0x00000002   Code   RO           88    .text.UsageFault_Handler  stm32f4xx_it.o
    0x08001b2a   0x08001b2a   0x00000002   PAD
    0x08001b2c   0x08001b2c   0x00000020   Code   RO          735    .text.__NVIC_EnableIRQ  stm32f4xx_hal_cortex.o
    0x08001b4c   0x08001b4c   0x00000010   Code   RO          727    .text.__NVIC_GetPriorityGrouping  stm32f4xx_hal_cortex.o
    0x08001b5c   0x08001b5c   0x00000022   Code   RO          729    .text.__NVIC_SetPriority  stm32f4xx_hal_cortex.o
    0x08001b7e   0x08001b7e   0x00000002   PAD
    0x08001b80   0x08001b80   0x00000020   Code   RO          723    .text.__NVIC_SetPriorityGrouping  stm32f4xx_hal_cortex.o
    0x08001ba0   0x08001ba0   0x00000050   Code   RO           13    .text.find_cmd      main.o
    0x08001bf0   0x08001bf0   0x0000004a   Code   RO           17    .text.main          main.o
    0x08001c3a   0x08001c3a   0x00000002   PAD
    0x08001c3c   0x08001c3c   0x000000e0   Code   RO           11    .text.set_block_control  main.o
    0x08001d1c   0x08001d1c   0x0000000e   Code   RO         1045    i.__scatterload_copy  mc_w.l(handlers.o)
    0x08001d2a   0x08001d2a   0x00000002   Code   RO         1046    i.__scatterload_null  mc_w.l(handlers.o)
    0x08001d2c   0x08001d2c   0x0000000e   Code   RO         1047    i.__scatterload_zeroinit  mc_w.l(handlers.o)
    0x08001d3a   0x08001d3a   0x00000010   Data   RO         1007    .rodata.AHBPrescTable  system_stm32f4xx.o
    0x08001d4a   0x08001d4a   0x00000008   Data   RO         1008    .rodata.APBPrescTable  system_stm32f4xx.o
    0x08001d52   0x08001d52   0x00000002   PAD
    0x08001d54   0x08001d54   0x00000020   Data   RO         1044    Region$$Table       anon$$obj.o


    Execution Region RW_IRAM2 (Exec base: 0x10000000, Load base: 0x08001d88, Size: 0x00000000, Max: 0x00010000, ABSOLUTE)

    **** No section assigned to this execution region ****


    Execution Region RW_IRAM1 (Exec base: 0x20000000, Load base: 0x08001d78, Size: 0x000005a8, Max: 0x00020000, ABSOLUTE)

    Exec Addr    Load Addr    Size         Type   Attr      Idx    E Section Name        Object

    0x20000000   0x08001d78   0x00000004   Data   RW         1006    .data.SystemCoreClock  system_stm32f4xx.o
    0x20000004   0x08001d7c   0x00000004   Data   RW          848    .data.uwTickFreq    stm32f4xx_hal.o
    0x20000008   0x08001d80   0x00000004   Data   RW          847    .data.uwTickPrio    stm32f4xx_hal.o
    0x2000000c   0x08001d84   0x00000004   PAD
    0x20000010        -       0x00000001   Zero   RW           26    .bss.block_state    main.o
    0x20000011        -       0x00000004   Zero   RW           25    .bss.cmd            main.o
    0x20000015        -       0x00000003   Zero   RW           27    .bss.flag           main.o
    0x20000018        -       0x00000044   Zero   RW           56    .bss.htim1          tim.o
    0x2000005c        -       0x00000048   Zero   RW           71    .bss.huart1         usart.o
    0x200000a4        -       0x000000fa   Zero   RW           29    .bss.ucRxBuffer     main.o
    0x2000019e        -       0x00000001   Zero   RW           28    .bss.ucRxCnt        main.o
    0x2000019f   0x08001d84   0x00000001   PAD
    0x200001a0        -       0x00000004   Zero   RW          849    .bss.uwTick         stm32f4xx_hal.o
    0x200001a4   0x08001d84   0x00000004   PAD
    0x200001a8        -       0x00000400   Zero   RW            1    STACK               startup_stm32f407xx.o


==============================================================================

Image component sizes


      Code (inc. data)   RO Data    RW Data    ZI Data      Debug   Object Name

       236          0          0          0          0       3914   gpio.o
       664         12          0          0        259       4490   main.o
        36          8        392          0       1024        808   startup_stm32f407xx.o
       212          0          0          8          4       7260   stm32f4xx_hal.o
       258          0          0          0          0      10640   stm32f4xx_hal_cortex.o
        32          0          0          0          0       9204   stm32f4xx_hal_dma.o
       448          0          0          0          0       5109   stm32f4xx_hal_gpio.o
        56          0          0          0          0       1419   stm32f4xx_hal_msp.o
      1358          0          0          0          0       7275   stm32f4xx_hal_rcc.o
      1372          4          0          0          0      38207   stm32f4xx_hal_tim.o
       250          0          0          0          0      14818   stm32f4xx_hal_tim_ex.o
      1072          0          0          0          0      17442   stm32f4xx_hal_uart.o
        66          0          0          0          0       1434   stm32f4xx_it.o
        26          0         24          4          0       2587   system_stm32f4xx.o
       444          0          0          0         68       7711   tim.o
       188          0          0          0         72       6594   usart.o

    ----------------------------------------------------------------------
      6808         24        450         12       1436     138912   Object Totals
         0          0         32          0          0          0   (incl. Generated)
        90          0          2          0          9          0   (incl. Padding)

    ----------------------------------------------------------------------

      Code (inc. data)   RO Data    RW Data    ZI Data      Debug   Library Member Name

         0          0          0          0          0          0   entry.o
         0          0          0          0          0          0   entry10a.o
         0          0          0          0          0          0   entry11a.o
         8          4          0          0          0          0   entry2.o
         4          0          0          0          0          0   entry5.o
         0          0          0          0          0          0   entry7b.o
         0          0          0          0          0          0   entry8b.o
         8          4          0          0          0          0   entry9a.o
        30          0          0          0          0          0   handlers.o
        36          8          0          0          0         68   init.o
        30          0          0          0          0         68   llshl.o
        32          0          0          0          0         68   llushr.o
        36          0          0          0          0        108   memseta.o
        98          0          0          0          0         92   uldiv.o

    ----------------------------------------------------------------------
       282         16          0          0          0        404   Library Totals
         0          0          0          0          0          0   (incl. Padding)

    ----------------------------------------------------------------------

      Code (inc. data)   RO Data    RW Data    ZI Data      Debug   Library Name

       282         16          0          0          0        404   mc_w.l

    ----------------------------------------------------------------------
       282         16          0          0          0        404   Library Totals

    ----------------------------------------------------------------------

==============================================================================


      Code (inc. data)   RO Data    RW Data    ZI Data      Debug   

      7090         40        450         12       1436     139192   Grand Totals
      7090         40        450         12       1436     139192   ELF Image Totals
      7090         40        450         12          0          0   ROM Totals

==============================================================================

    Total RO  Size (Code + RO Data)                 7540 (   7.36kB)
    Total RW  Size (RW Data + ZI Data)              1448 (   1.41kB)
    Total ROM Size (Code + RO Data + RW Data)       7552 (   7.38kB)

==============================================================================

